Archive member included to satisfy reference by file (symbol)

C:/ST/STM32CubeIDE_1.13.1/STM32CubeIDE/plugins/com.st.stm32cube.ide.mcu.externaltools.gnu-tools-for-stm32.11.3.rel1.win32_1.1.0.202305231506/tools/bin/../lib/gcc/arm-none-eabi/11.3.1/../../../../arm-none-eabi/lib/thumb/v7e-m+fp/hard\libc_nano.a(libc_a-exit.o)
                              C:/ST/STM32CubeIDE_1.13.1/STM32CubeIDE/plugins/com.st.stm32cube.ide.mcu.externaltools.gnu-tools-for-stm32.11.3.rel1.win32_1.1.0.202305231506/tools/bin/../lib/gcc/arm-none-eabi/11.3.1/../../../../arm-none-eabi/lib/thumb/v7e-m+fp/hard/crt0.o (exit)
C:/ST/STM32CubeIDE_1.13.1/STM32CubeIDE/plugins/com.st.stm32cube.ide.mcu.externaltools.gnu-tools-for-stm32.11.3.rel1.win32_1.1.0.202305231506/tools/bin/../lib/gcc/arm-none-eabi/11.3.1/../../../../arm-none-eabi/lib/thumb/v7e-m+fp/hard\libc_nano.a(libc_a-findfp.o)
                              C:/ST/STM32CubeIDE_1.13.1/STM32CubeIDE/plugins/com.st.stm32cube.ide.mcu.externaltools.gnu-tools-for-stm32.11.3.rel1.win32_1.1.0.202305231506/tools/bin/../lib/gcc/arm-none-eabi/11.3.1/../../../../arm-none-eabi/lib/thumb/v7e-m+fp/hard\libc_nano.a(libc_a-exit.o) (__stdio_exit_handler)
C:/ST/STM32CubeIDE_1.13.1/STM32CubeIDE/plugins/com.st.stm32cube.ide.mcu.externaltools.gnu-tools-for-stm32.11.3.rel1.win32_1.1.0.202305231506/tools/bin/../lib/gcc/arm-none-eabi/11.3.1/../../../../arm-none-eabi/lib/thumb/v7e-m+fp/hard\libc_nano.a(libc_a-fwalk.o)
                              C:/ST/STM32CubeIDE_1.13.1/STM32CubeIDE/plugins/com.st.stm32cube.ide.mcu.externaltools.gnu-tools-for-stm32.11.3.rel1.win32_1.1.0.202305231506/tools/bin/../lib/gcc/arm-none-eabi/11.3.1/../../../../arm-none-eabi/lib/thumb/v7e-m+fp/hard\libc_nano.a(libc_a-findfp.o) (_fwalk_sglue)
C:/ST/STM32CubeIDE_1.13.1/STM32CubeIDE/plugins/com.st.stm32cube.ide.mcu.externaltools.gnu-tools-for-stm32.11.3.rel1.win32_1.1.0.202305231506/tools/bin/../lib/gcc/arm-none-eabi/11.3.1/../../../../arm-none-eabi/lib/thumb/v7e-m+fp/hard\libc_nano.a(libc_a-sprintf.o)
                              ./Core/Src/demos/demo.o (sprintf)
C:/ST/STM32CubeIDE_1.13.1/STM32CubeIDE/plugins/com.st.stm32cube.ide.mcu.externaltools.gnu-tools-for-stm32.11.3.rel1.win32_1.1.0.202305231506/tools/bin/../lib/gcc/arm-none-eabi/11.3.1/../../../../arm-none-eabi/lib/thumb/v7e-m+fp/hard\libc_nano.a(libc_a-stdio.o)
                              C:/ST/STM32CubeIDE_1.13.1/STM32CubeIDE/plugins/com.st.stm32cube.ide.mcu.externaltools.gnu-tools-for-stm32.11.3.rel1.win32_1.1.0.202305231506/tools/bin/../lib/gcc/arm-none-eabi/11.3.1/../../../../arm-none-eabi/lib/thumb/v7e-m+fp/hard\libc_nano.a(libc_a-findfp.o) (__sread)
C:/ST/STM32CubeIDE_1.13.1/STM32CubeIDE/plugins/com.st.stm32cube.ide.mcu.externaltools.gnu-tools-for-stm32.11.3.rel1.win32_1.1.0.202305231506/tools/bin/../lib/gcc/arm-none-eabi/11.3.1/../../../../arm-none-eabi/lib/thumb/v7e-m+fp/hard\libc_nano.a(libc_a-vsprintf.o)
                              ./Core/Src/system/printf.o (vsprintf)
C:/ST/STM32CubeIDE_1.13.1/STM32CubeIDE/plugins/com.st.stm32cube.ide.mcu.externaltools.gnu-tools-for-stm32.11.3.rel1.win32_1.1.0.202305231506/tools/bin/../lib/gcc/arm-none-eabi/11.3.1/../../../../arm-none-eabi/lib/thumb/v7e-m+fp/hard\libc_nano.a(libc_a-memset.o)
                              C:/ST/STM32CubeIDE_1.13.1/STM32CubeIDE/plugins/com.st.stm32cube.ide.mcu.externaltools.gnu-tools-for-stm32.11.3.rel1.win32_1.1.0.202305231506/tools/bin/../lib/gcc/arm-none-eabi/11.3.1/../../../../arm-none-eabi/lib/thumb/v7e-m+fp/hard/crt0.o (memset)
C:/ST/STM32CubeIDE_1.13.1/STM32CubeIDE/plugins/com.st.stm32cube.ide.mcu.externaltools.gnu-tools-for-stm32.11.3.rel1.win32_1.1.0.202305231506/tools/bin/../lib/gcc/arm-none-eabi/11.3.1/../../../../arm-none-eabi/lib/thumb/v7e-m+fp/hard\libc_nano.a(libc_a-closer.o)
                              C:/ST/STM32CubeIDE_1.13.1/STM32CubeIDE/plugins/com.st.stm32cube.ide.mcu.externaltools.gnu-tools-for-stm32.11.3.rel1.win32_1.1.0.202305231506/tools/bin/../lib/gcc/arm-none-eabi/11.3.1/../../../../arm-none-eabi/lib/thumb/v7e-m+fp/hard\libc_nano.a(libc_a-stdio.o) (_close_r)
C:/ST/STM32CubeIDE_1.13.1/STM32CubeIDE/plugins/com.st.stm32cube.ide.mcu.externaltools.gnu-tools-for-stm32.11.3.rel1.win32_1.1.0.202305231506/tools/bin/../lib/gcc/arm-none-eabi/11.3.1/../../../../arm-none-eabi/lib/thumb/v7e-m+fp/hard\libc_nano.a(libc_a-reent.o)
                              C:/ST/STM32CubeIDE_1.13.1/STM32CubeIDE/plugins/com.st.stm32cube.ide.mcu.externaltools.gnu-tools-for-stm32.11.3.rel1.win32_1.1.0.202305231506/tools/bin/../lib/gcc/arm-none-eabi/11.3.1/../../../../arm-none-eabi/lib/thumb/v7e-m+fp/hard\libc_nano.a(libc_a-closer.o) (errno)
C:/ST/STM32CubeIDE_1.13.1/STM32CubeIDE/plugins/com.st.stm32cube.ide.mcu.externaltools.gnu-tools-for-stm32.11.3.rel1.win32_1.1.0.202305231506/tools/bin/../lib/gcc/arm-none-eabi/11.3.1/../../../../arm-none-eabi/lib/thumb/v7e-m+fp/hard\libc_nano.a(libc_a-impure.o)
[...]
Memory Configuration

Name             Origin             Length             Attributes
RAM              0x0000000020000000 0x0000000000018000 xrw
RAM2             0x0000000010000000 0x0000000000008000 xrw
FLASH            0x0000000008000000 0x0000000000100000 xr
*default*        0x0000000000000000 0xffffffffffffffff

Linker script and memory map

LOAD C:/ST/STM32CubeIDE_1.13.1/STM32CubeIDE/plugins/com.st.stm32cube.ide.mcu.externaltools.gnu-tools-for-stm32.11.3.rel1.win32_1.1.0.202305231506/tools/bin/../lib/gcc/arm-none-eabi/11.3.1/thumb/v7e-m+fp/hard/crti.o
LOAD C:/ST/STM32CubeIDE_1.13.1/STM32CubeIDE/plugins/com.st.stm32cube.ide.mcu.externaltools.gnu-tools-for-stm32.11.3.rel1.win32_1.1.0.202305231506/tools/bin/../lib/gcc/arm-none-eabi/11.3.1/thumb/v7e-m+fp/hard/crtbegin.o
LOAD C:/ST/STM32CubeIDE_1.13.1/STM32CubeIDE/plugins/com.st.stm32cube.ide.mcu.externaltools.gnu-tools-for-stm32.11.3.rel1.win32_1.1.0.202305231506/tools/bin/../lib/gcc/arm-none-eabi/11.3.1/../../../../arm-none-eabi/lib/thumb/v7e-m+fp/hard/crt0.o
LOAD ./Core/Src/demos/adc_dac_demo.o
LOAD ./Core/Src/demos/demo.o
LOAD ./Core/Src/devices/GPIO.o
LOAD ./Core/Src/devices/LED.o
LOAD ./Core/Src/devices/SysClock.o
LOAD ./Core/Src/devices/UART.o
LOAD ./Core/Src/devices/adc.o
LOAD ./Core/Src/devices/dac.o
LOAD ./Core/Src/midi/song.o
LOAD ./Core/Src/midi/tone.o
LOAD ./Core/Src/project.o
LOAD ./Core/Src/system/printf.o
LOAD ./Core/Src/system/stm32l4xx_hal_msp.o
LOAD ./Core/Src/system/stm32l4xx_it.o
LOAD ./Core/Src/system/syscalls.o
LOAD ./Core/Src/system/sysmem.o
LOAD ./Core/Src/system/system_stm32l4xx.o
LOAD ./Core/Src/tests/hw4.o
LOAD ./Core/Src/tests/led_soft_test.o
LOAD ./Core/Src/tests/main.o
LOAD ./Core/Src/tests/reader.o
LOAD ./Core/Src/tests/systick.o
LOAD ./Core/Src/tests/timer.o
LOAD ./Core/Startup/startup_stm32l476rgtx.o
LOAD ./Drivers/STM32L4xx_HAL_Driver/Src/stm32l4xx_hal.o
LOAD ./Drivers/STM32L4xx_HAL_Driver/Src/stm32l4xx_hal_adc.o
LOAD ./Drivers/STM32L4xx_HAL_Driver/Src/stm32l4xx_hal_adc_ex.o
LOAD ./Drivers/STM32L4xx_HAL_Driver/Src/stm32l4xx_hal_cortex.o
LOAD ./Drivers/STM32L4xx_HAL_Driver/Src/stm32l4xx_hal_dac.o
LOAD ./Drivers/STM32L4xx_HAL_Driver/Src/stm32l4xx_hal_dac_ex.o
LOAD ./Drivers/STM32L4xx_HAL_Driver/Src/stm32l4xx_hal_dma.o
LOAD ./Drivers/STM32L4xx_HAL_Driver/Src/stm32l4xx_hal_dma_ex.o
LOAD ./Drivers/STM32L4xx_HAL_Driver/Src/stm32l4xx_hal_exti.o
LOAD ./Drivers/STM32L4xx_HAL_Driver/Src/stm32l4xx_hal_flash.o
LOAD ./Drivers/STM32L4xx_HAL_Driver/Src/stm32l4xx_hal_flash_ex.o
LOAD ./Drivers/STM32L4xx_HAL_Driver/Src/stm32l4xx_hal_flash_ramfunc.o
LOAD ./Drivers/STM32L4xx_HAL_Driver/Src/stm32l4xx_hal_gpio.o
LOAD ./Drivers/STM32L4xx_HAL_Driver/Src/stm32l4xx_hal_pwr.o
LOAD ./Drivers/STM32L4xx_HAL_Driver/Src/stm32l4xx_hal_pwr_ex.o
LOAD ./Drivers/STM32L4xx_HAL_Driver/Src/stm32l4xx_hal_rcc.o
LOAD ./Drivers/STM32L4xx_HAL_Driver/Src/stm32l4xx_hal_rcc_ex.o
LOAD ./Drivers/STM32L4xx_HAL_Driver/Src/stm32l4xx_hal_tim.o
LOAD ./Drivers/STM32L4xx_HAL_Driver/Src/stm32l4xx_hal_tim_ex.o
LOAD ./Drivers/STM32L4xx_HAL_Driver/Src/stm32l4xx_hal_uart.o
LOAD ./Drivers/STM32L4xx_HAL_Driver/Src/stm32l4xx_hal_uart_ex.o
START GROUP
LOAD C:/ST/STM32CubeIDE_1.13.1/STM32CubeIDE/plugins/com.st.stm32cube.ide.mcu.externaltools.gnu-tools-for-stm32.11.3.rel1.win32_1.1.0.202305231506/tools/bin/../lib/gcc/arm-none-eabi/11.3.1/../../../../arm-none-eabi/lib/thumb/v7e-m+fp/hard\libc_nano.a
LOAD C:/ST/STM32CubeIDE_1.13.1/STM32CubeIDE/plugins/com.st.stm32cube.ide.mcu.externaltools.gnu-tools-for-stm32.11.3.rel1.win32_1.1.0.202305231506/tools/bin/../lib/gcc/arm-none-eabi/11.3.1/../../../../arm-none-eabi/lib/thumb/v7e-m+fp/hard\libm.a
END GROUP
START GROUP
LOAD C:/ST/STM32CubeIDE_1.13.1/STM32CubeIDE/plugins/com.st.stm32cube.ide.mcu.externaltools.gnu-tools-for-stm32.11.3.rel1.win32_1.1.0.202305231506/tools/bin/../lib/gcc/arm-none-eabi/11.3.1/thumb/v7e-m+fp/hard\libgcc.a
LOAD C:/ST/STM32CubeIDE_1.13.1/STM32CubeIDE/plugins/com.st.stm32cube.ide.mcu.externaltools.gnu-tools-for-stm32.11.3.rel1.win32_1.1.0.202305231506/tools/bin/../lib/gcc/arm-none-eabi/11.3.1/../../../../arm-none-eabi/lib/thumb/v7e-m+fp/hard\libc_nano.a
END GROUP
START GROUP
LOAD C:/ST/STM32CubeIDE_1.13.1/STM32CubeIDE/plugins/com.st.stm32cube.ide.mcu.externaltools.gnu-tools-for-stm32.11.3.rel1.win32_1.1.0.202305231506/tools/bin/../lib/gcc/arm-none-eabi/11.3.1/thumb/v7e-m+fp/hard\libgcc.a
LOAD C:/ST/STM32CubeIDE_1.13.1/STM32CubeIDE/plugins/com.st.stm32cube.ide.mcu.externaltools.gnu-tools-for-stm32.11.3.rel1.win32_1.1.0.202305231506/tools/bin/../lib/gcc/arm-none-eabi/11.3.1/../../../../arm-none-eabi/lib/thumb/v7e-m+fp/hard\libc_nano.a
LOAD C:/ST/STM32CubeIDE_1.13.1/STM32CubeIDE/plugins/com.st.stm32cube.ide.mcu.externaltools.gnu-tools-for-stm32.11.3.rel1.win32_1.1.0.202305231506/tools/bin/../lib/gcc/arm-none-eabi/11.3.1/../../../../arm-none-eabi/lib/thumb/v7e-m+fp/hard\libnosys.a
END GROUP
START GROUP
LOAD C:/ST/STM32CubeIDE_1.13.1/STM32CubeIDE/plugins/com.st.stm32cube.ide.mcu.externaltools.gnu-tools-for-stm32.11.3.rel1.win32_1.1.0.202305231506/tools/bin/../lib/gcc/arm-none-eabi/11.3.1/thumb/v7e-m+fp/hard\libgcc.a
LOAD C:/ST/STM32CubeIDE_1.13.1/STM32CubeIDE/plugins/com.st.stm32cube.ide.mcu.externaltools.gnu-tools-for-stm32.11.3.rel1.win32_1.1.0.202305231506/tools/bin/../lib/gcc/arm-none-eabi/11.3.1/../../../../arm-none-eabi/lib/thumb/v7e-m+fp/hard\libc_nano.a
LOAD C:/ST/STM32CubeIDE_1.13.1/STM32CubeIDE/plugins/com.st.stm32cube.ide.mcu.externaltools.gnu-tools-for-stm32.11.3.rel1.win32_1.1.0.202305231506/tools/bin/../lib/gcc/arm-none-eabi/11.3.1/../../../../arm-none-eabi/lib/thumb/v7e-m+fp/hard\libnosys.a
END GROUP
LOAD C:/ST/STM32CubeIDE_1.13.1/STM32CubeIDE/plugins/com.st.stm32cube.ide.mcu.externaltools.gnu-tools-for-stm32.11.3.rel1.win32_1.1.0.202305231506/tools/bin/../lib/gcc/arm-none-eabi/11.3.1/thumb/v7e-m+fp/hard/crtend.o
LOAD C:/ST/STM32CubeIDE_1.13.1/STM32CubeIDE/plugins/com.st.stm32cube.ide.mcu.externaltools.gnu-tools-for-stm32.11.3.rel1.win32_1.1.0.202305231506/tools/bin/../lib/gcc/arm-none-eabi/11.3.1/thumb/v7e-m+fp/hard/crtn.o
                0x0000000020018000                _estack = (ORIGIN (RAM) + LENGTH (RAM))
                0x0000000000000200                _Min_Heap_Size = 0x200
                0x0000000000000400                _Min_Stack_Size = 0x400

.isr_vector     0x0000000008000000      0x188
                0x0000000008000000                . = ALIGN (0x4)
 *(.isr_vector)
 .isr_vector    0x0000000008000000      0x188 ./Core/Startup/startup_stm32l476rgtx.o
                0x0000000008000000                g_pfnVectors
                0x0000000008000188                . = ALIGN (0x4)

.text           0x0000000008000188      0xaa8
                0x0000000008000188                . = ALIGN (0x4)
 *(.text)
 .text          0x0000000008000188       0x40 C:/ST/STM32CubeIDE_1.13.1/STM32CubeIDE/plugins/com.st.stm32cube.ide.mcu.externaltools.gnu-tools-for-stm32.11.3.rel1.win32_1.1.0.202305231506/tools/bin/../lib/gcc/arm-none-eabi/11.3.1/thumb/v7e-m+fp/hard/crtbegin.o
 *(.text*)
 .text.SysTick_Handler
                0x00000000080001c8       0x38 ./Core/Src/demos/adc_dac_demo.o
                0x00000000080001c8                SysTick_Handler
 .text.GPIO_Init
                0x0000000008000200       0xc0 ./Core/Src/devices/GPIO.o
                0x0000000008000200                GPIO_Init
 .text.LED_Init
                0x00000000080002c0       0xbc ./Core/Src/devices/LED.o
                0x00000000080002c0                LED_Init
 .text.LED_On   0x000000000800037c       0x2c ./Core/Src/devices/LED.o
                0x000000000800037c                LED_On
 .text.LED_Off  0x00000000080003a8       0x2e ./Core/Src/devices/LED.o
                0x00000000080003a8                LED_Off
 *fill*         0x00000000080003d6        0x2 
 .text.System_Clock_Init
                0x00000000080003d8      0x1bc ./Core/Src/devices/SysClock.o
                0x00000000080003d8                System_Clock_Init
 .text.UART2_Init
                0x0000000008000594       0x48 ./Core/Src/devices/UART.o
                0x0000000008000594                UART2_Init
 .text.UART2_GPIO_Init
                0x00000000080005dc       0x90 ./Core/Src/devices/UART.o
                0x00000000080005dc                UART2_GPIO_Init
 .text.USART_Init
                0x000000000800066c      0x10c ./Core/Src/devices/UART.o
                0x000000000800066c                USART_Init
 .text.SystemInit
                0x0000000008000778       0x6c ./Core/Src/system/system_stm32l4xx.o
                0x0000000008000778                SystemInit
 .text.software_led
                0x00000000080007e4       0x26 ./Core/Src/tests/led_soft_test.o
                0x00000000080007e4                software_led
 .text.main     0x000000000800080a       0x1c ./Core/Src/tests/main.o
                0x000000000800080a                main
 *fill*         0x0000000008000826        0x2 
 .text.Reset_Handler
                0x0000000008000828       0x50 ./Core/Startup/startup_stm32l476rgtx.o
                0x0000000008000828                Reset_Handler
 .text.Default_Handler
                0x0000000008000878        0x2 ./Core/Startup/startup_stm32l476rgtx.o
                0x0000000008000878                RTC_Alarm_IRQHandler
                0x0000000008000878                EXTI2_IRQHandler
                0x0000000008000878                TIM8_TRG_COM_IRQHandler
                0x0000000008000878                TIM8_CC_IRQHandler
                0x0000000008000878                DebugMon_Handler
                0x0000000008000878                TIM1_CC_IRQHandler
                0x0000000008000878                TSC_IRQHandler
                0x0000000008000878                HardFault_Handler
                0x0000000008000878                TAMP_STAMP_IRQHandler
                0x0000000008000878                PendSV_Handler
                0x0000000008000878                NMI_Handler
                0x0000000008000878                EXTI3_IRQHandler
                0x0000000008000878                LPTIM2_IRQHandler
                0x0000000008000878                DFSDM1_FLT1_IRQHandler
                0x0000000008000878                I2C3_ER_IRQHandler
                0x0000000008000878                DFSDM1_FLT2_IRQHandler
                0x0000000008000878                EXTI0_IRQHandler
                0x0000000008000878                I2C2_EV_IRQHandler
                0x0000000008000878                CAN1_RX0_IRQHandler
                0x0000000008000878                FPU_IRQHandler
                0x0000000008000878                TIM1_UP_TIM16_IRQHandler
                0x0000000008000878                UsageFault_Handler
                0x0000000008000878                ADC1_2_IRQHandler
                0x0000000008000878                SPI1_IRQHandler
                0x0000000008000878                TIM6_DAC_IRQHandler
                0x0000000008000878                TIM8_UP_IRQHandler
                0x0000000008000878                DMA2_Channel2_IRQHandler
                0x0000000008000878                DMA1_Channel4_IRQHandler
                0x0000000008000878                SAI2_IRQHandler
                0x0000000008000878                DFSDM1_FLT3_IRQHandler
                0x0000000008000878                USART3_IRQHandler
                0x0000000008000878                DMA1_Channel7_IRQHandler
                0x0000000008000878                CAN1_RX1_IRQHandler
                0x0000000008000878                LCD_IRQHandler
                0x0000000008000878                UART5_IRQHandler
                0x0000000008000878                ADC3_IRQHandler
                0x0000000008000878                TIM4_IRQHandler
                0x0000000008000878                DMA2_Channel1_IRQHandler
                0x0000000008000878                QUADSPI_IRQHandler
                0x0000000008000878                I2C1_EV_IRQHandler
                0x0000000008000878                DMA1_Channel6_IRQHandler
                0x0000000008000878                UART4_IRQHandler
                0x0000000008000878                DMA2_Channel4_IRQHandler
                0x0000000008000878                TIM3_IRQHandler
                0x0000000008000878                RCC_IRQHandler
                0x0000000008000878                DMA1_Channel1_IRQHandler
                0x0000000008000878                Default_Handler
                0x0000000008000878                DMA2_Channel7_IRQHandler
                0x0000000008000878                EXTI15_10_IRQHandler
                0x0000000008000878                TIM7_IRQHandler
                0x0000000008000878                SDMMC1_IRQHandler
                0x0000000008000878                TIM5_IRQHandler
                0x0000000008000878                I2C3_EV_IRQHandler
                0x0000000008000878                EXTI9_5_IRQHandler
                0x0000000008000878                RTC_WKUP_IRQHandler
                0x0000000008000878                PVD_PVM_IRQHandler
                0x0000000008000878                SPI2_IRQHandler
                0x0000000008000878                MemManage_Handler
                0x0000000008000878                CAN1_TX_IRQHandler
                0x0000000008000878                SVC_Handler
                0x0000000008000878                DMA2_Channel5_IRQHandler
                0x0000000008000878                DMA1_Channel5_IRQHandler
                0x0000000008000878                EXTI4_IRQHandler
                0x0000000008000878                RNG_IRQHandler
                0x0000000008000878                TIM1_TRG_COM_TIM17_IRQHandler
                0x0000000008000878                DMA1_Channel3_IRQHandler
                0x0000000008000878                COMP_IRQHandler
                0x0000000008000878                WWDG_IRQHandler
                0x0000000008000878                LPUART1_IRQHandler
                0x0000000008000878                DMA2_Channel6_IRQHandler
                0x0000000008000878                TIM2_IRQHandler
                0x0000000008000878                EXTI1_IRQHandler
                0x0000000008000878                USART2_IRQHandler
                0x0000000008000878                DFSDM1_FLT0_IRQHandler
                0x0000000008000878                I2C2_ER_IRQHandler
                0x0000000008000878                DMA1_Channel2_IRQHandler
                0x0000000008000878                TIM8_BRK_IRQHandler
                0x0000000008000878                CAN1_SCE_IRQHandler
                0x0000000008000878                FLASH_IRQHandler
                0x0000000008000878                BusFault_Handler
                0x0000000008000878                USART1_IRQHandler
                0x0000000008000878                OTG_FS_IRQHandler
                0x0000000008000878                SPI3_IRQHandler
                0x0000000008000878                I2C1_ER_IRQHandler
                0x0000000008000878                FMC_IRQHandler
                0x0000000008000878                SWPMI1_IRQHandler
                0x0000000008000878                LPTIM1_IRQHandler
                0x0000000008000878                SAI1_IRQHandler
                0x0000000008000878                DMA2_Channel3_IRQHandler
                0x0000000008000878                TIM1_BRK_TIM15_IRQHandler
 *fill*         0x000000000800087a        0x2 
 .text.HAL_GPIO_Init
                0x000000000800087c      0x354 ./Drivers/STM32L4xx_HAL_Driver/Src/stm32l4xx_hal_gpio.o
                0x000000000800087c                HAL_GPIO_Init
 .text.__libc_init_array
                0x0000000008000bd0       0x48 C:/ST/STM32CubeIDE_1.13.1/STM32CubeIDE/plugins/com.st.stm32cube.ide.mcu.externaltools.gnu-tools-for-stm32.11.3.rel1.win32_1.1.0.202305231506/tools/bin/../lib/gcc/arm-none-eabi/11.3.1/../../../../arm-none-eabi/lib/thumb/v7e-m+fp/hard\libc_nano.a(libc_a-init.o)
                0x0000000008000bd0                __libc_init_array
 *(.glue_7)
 .glue_7        0x0000000008000c18        0x0 linker stubs
 *(.glue_7t)
 .glue_7t       0x0000000008000c18        0x0 linker stubs
 *(.eh_frame)
 .eh_frame      0x0000000008000c18        0x0 C:/ST/STM32CubeIDE_1.13.1/STM32CubeIDE/plugins/com.st.stm32cube.ide.mcu.externaltools.gnu-tools-for-stm32.11.3.rel1.win32_1.1.0.202305231506/tools/bin/../lib/gcc/arm-none-eabi/11.3.1/thumb/v7e-m+fp/hard/crtbegin.o
 *(.init)
 .init          0x0000000008000c18        0x4 C:/ST/STM32CubeIDE_1.13.1/STM32CubeIDE/plugins/com.st.stm32cube.ide.mcu.externaltools.gnu-tools-for-stm32.11.3.rel1.win32_1.1.0.202305231506/tools/bin/../lib/gcc/arm-none-eabi/11.3.1/thumb/v7e-m+fp/hard/crti.o
                0x0000000008000c18                _init
 .init          0x0000000008000c1c        0x8 C:/ST/STM32CubeIDE_1.13.1/STM32CubeIDE/plugins/com.st.stm32cube.ide.mcu.externaltools.gnu-tools-for-stm32.11.3.rel1.win32_1.1.0.202305231506/tools/bin/../lib/gcc/arm-none-eabi/11.3.1/thumb/v7e-m+fp/hard/crtn.o
 *(.fini)
 .fini          0x0000000008000c24        0x4 C:/ST/STM32CubeIDE_1.13.1/STM32CubeIDE/plugins/com.st.stm32cube.ide.mcu.externaltools.gnu-tools-for-stm32.11.3.rel1.win32_1.1.0.202305231506/tools/bin/../lib/gcc/arm-none-eabi/11.3.1/thumb/v7e-m+fp/hard/crti.o
                0x0000000008000c24                _fini
 .fini          0x0000000008000c28        0x8 C:/ST/STM32CubeIDE_1.13.1/STM32CubeIDE/plugins/com.st.stm32cube.ide.mcu.externaltools.gnu-tools-for-stm32.11.3.rel1.win32_1.1.0.202305231506/tools/bin/../lib/gcc/arm-none-eabi/11.3.1/thumb/v7e-m+fp/hard/crtn.o
                0x0000000008000c30                . = ALIGN (0x4)
                0x0000000008000c30                _etext = .

.vfp11_veneer   0x0000000008000c30        0x0
 .vfp11_veneer  0x0000000008000c30        0x0 linker stubs

.v4_bx          0x0000000008000c30        0x0
 .v4_bx         0x0000000008000c30        0x0 linker stubs

.iplt           0x0000000008000c30        0x0
 .iplt          0x0000000008000c30        0x0 C:/ST/STM32CubeIDE_1.13.1/STM32CubeIDE/plugins/com.st.stm32cube.ide.mcu.externaltools.gnu-tools-for-stm32.11.3.rel1.win32_1.1.0.202305231506/tools/bin/../lib/gcc/arm-none-eabi/11.3.1/thumb/v7e-m+fp/hard/crtbegin.o

.rel.dyn        0x0000000008000c30        0x0
 .rel.iplt      0x0000000008000c30        0x0 C:/ST/STM32CubeIDE_1.13.1/STM32CubeIDE/plugins/com.st.stm32cube.ide.mcu.externaltools.gnu-tools-for-stm32.11.3.rel1.win32_1.1.0.202305231506/tools/bin/../lib/gcc/arm-none-eabi/11.3.1/thumb/v7e-m+fp/hard/crtbegin.o

.rodata         0x0000000008000c30        0x0
                0x0000000008000c30                . = ALIGN (0x4)
 *(.rodata)
 *(.rodata*)
                0x0000000008000c30                . = ALIGN (0x4)

.ARM.extab      0x0000000008000c30        0x0
                0x0000000008000c30                . = ALIGN (0x4)
 *(.ARM.extab* .gnu.linkonce.armextab.*)
                0x0000000008000c30                . = ALIGN (0x4)

.ARM            0x0000000008000c30        0x0
                0x0000000008000c30                . = ALIGN (0x4)
                0x0000000008000c30                __exidx_start = .
 *(.ARM.exidx*)
                0x0000000008000c30                __exidx_end = .
                0x0000000008000c30                . = ALIGN (0x4)

.preinit_array  0x0000000008000c30        0x0
                0x0000000008000c30                . = ALIGN (0x4)
                0x0000000008000c30                PROVIDE (__preinit_array_start = .)
 *(.preinit_array*)
                0x0000000008000c30                PROVIDE (__preinit_array_end = .)
                0x0000000008000c30                . = ALIGN (0x4)

.init_array     0x0000000008000c30        0x4
                0x0000000008000c30                . = ALIGN (0x4)
                0x0000000008000c30                PROVIDE (__init_array_start = .)
 *(SORT_BY_NAME(.init_array.*))
 *(.init_array*)
 .init_array    0x0000000008000c30        0x4 C:/ST/STM32CubeIDE_1.13.1/STM32CubeIDE/plugins/com.st.stm32cube.ide.mcu.externaltools.gnu-tools-for-stm32.11.3.rel1.win32_1.1.0.202305231506/tools/bin/../lib/gcc/arm-none-eabi/11.3.1/thumb/v7e-m+fp/hard/crtbegin.o
                0x0000000008000c34                PROVIDE (__init_array_end = .)
                0x0000000008000c34                . = ALIGN (0x4)

.fini_array     0x0000000008000c34        0x4
                0x0000000008000c34                . = ALIGN (0x4)
                [!provide]                        PROVIDE (__fini_array_start = .)
 *(SORT_BY_NAME(.fini_array.*))
 *(.fini_array*)
 .fini_array    0x0000000008000c34        0x4 C:/ST/STM32CubeIDE_1.13.1/STM32CubeIDE/plugins/com.st.stm32cube.ide.mcu.externaltools.gnu-tools-for-stm32.11.3.rel1.win32_1.1.0.202305231506/tools/bin/../lib/gcc/arm-none-eabi/11.3.1/thumb/v7e-m+fp/hard/crtbegin.o
                [!provide]                        PROVIDE (__fini_array_end = .)
                0x0000000008000c38                . = ALIGN (0x4)
                0x0000000008000c38                _sidata = LOADADDR (.data)

.data           0x0000000020000000        0x0 load address 0x0000000008000c38
                0x0000000020000000                . = ALIGN (0x4)
                0x0000000020000000                _sdata = .
 *(.data)
 *(.data*)
 *(.RamFunc)
 *(.RamFunc*)
                0x0000000020000000                . = ALIGN (0x4)
                0x0000000020000000                _edata = .

.igot.plt       0x0000000020000000        0x0 load address 0x0000000008000c38
 .igot.plt      0x0000000020000000        0x0 C:/ST/STM32CubeIDE_1.13.1/STM32CubeIDE/plugins/com.st.stm32cube.ide.mcu.externaltools.gnu-tools-for-stm32.11.3.rel1.win32_1.1.0.202305231506/tools/bin/../lib/gcc/arm-none-eabi/11.3.1/thumb/v7e-m+fp/hard/crtbegin.o
                0x0000000020000000                . = ALIGN (0x4)

.bss            0x0000000020000000       0x24 load address 0x0000000008000c38
                0x0000000020000000                _sbss = .
                0x0000000020000000                __bss_start__ = _sbss
 *(.bss)
 .bss           0x0000000020000000       0x1c C:/ST/STM32CubeIDE_1.13.1/STM32CubeIDE/plugins/com.st.stm32cube.ide.mcu.externaltools.gnu-tools-for-stm32.11.3.rel1.win32_1.1.0.202305231506/tools/bin/../lib/gcc/arm-none-eabi/11.3.1/thumb/v7e-m+fp/hard/crtbegin.o
 *(.bss*)
 .bss.one_second_elapsed
                0x000000002000001c        0x1 ./Core/Src/demos/adc_dac_demo.o
                0x000000002000001c                one_second_elapsed
 *fill*         0x000000002000001d        0x3 
 .bss.counter.0
                0x0000000020000020        0x4 ./Core/Src/demos/adc_dac_demo.o
 *(COMMON)
                0x0000000020000024                . = ALIGN (0x4)
                0x0000000020000024                _ebss = .
                0x0000000020000024                __bss_end__ = _ebss

._user_heap_stack
                0x0000000020000024      0x604 load address 0x0000000008000c38
                0x0000000020000028                . = ALIGN (0x8)
 *fill*         0x0000000020000024        0x4 
                [!provide]                        PROVIDE (end = .)
                0x0000000020000028                PROVIDE (_end = .)
                0x0000000020000228                . = (. + _Min_Heap_Size)
 *fill*         0x0000000020000028      0x200 
                0x0000000020000628                . = (. + _Min_Stack_Size)
 *fill*         0x0000000020000228      0x400 
                0x0000000020000628                . = ALIGN (0x8)

/DISCARD/
 libc.a(*)
 libm.a(*)
 libgcc.a(*)

.ARM.attributes
                0x0000000000000000       0x30
 *(.ARM.attributes)
 .ARM.attributes
                0x0000000000000000       0x1e C:/ST/STM32CubeIDE_1.13.1/STM32CubeIDE/plugins/com.st.stm32cube.ide.mcu.externaltools.gnu-tools-for-stm32.11.3.rel1.win32_1.1.0.202305231506/tools/bin/../lib/gcc/arm-none-eabi/11.3.1/thumb/v7e-m+fp/hard/crti.o
 .ARM.attributes
                0x000000000000001e       0x34 C:/ST/STM32CubeIDE_1.13.1/STM32CubeIDE/plugins/com.st.stm32cube.ide.mcu.externaltools.gnu-tools-for-stm32.11.3.rel1.win32_1.1.0.202305231506/tools/bin/../lib/gcc/arm-none-eabi/11.3.1/thumb/v7e-m+fp/hard/crtbegin.o
 .ARM.attributes
                0x0000000000000052       0x34 ./Core/Src/demos/adc_dac_demo.o
 .ARM.attributes
                0x0000000000000086       0x34 ./Core/Src/devices/GPIO.o
 .ARM.attributes
                0x00000000000000ba       0x34 ./Core/Src/devices/LED.o
 .ARM.attributes
                0x00000000000000ee       0x34 ./Core/Src/devices/SysClock.o
 .ARM.attributes
                0x0000000000000122       0x34 ./Core/Src/devices/UART.o
 .ARM.attributes
                0x0000000000000156       0x34 ./Core/Src/system/system_stm32l4xx.o
 .ARM.attributes
                0x000000000000018a       0x34 ./Core/Src/tests/led_soft_test.o
 .ARM.attributes
                0x00000000000001be       0x34 ./Core/Src/tests/main.o
 .ARM.attributes
                0x00000000000001f2       0x21 ./Core/Startup/startup_stm32l476rgtx.o
 .ARM.attributes
                0x0000000000000213       0x34 ./Drivers/STM32L4xx_HAL_Driver/Src/stm32l4xx_hal_gpio.o
 .ARM.attributes
                0x0000000000000247       0x34 C:/ST/STM32CubeIDE_1.13.1/STM32CubeIDE/plugins/com.st.stm32cube.ide.mcu.externaltools.gnu-tools-for-stm32.11.3.rel1.win32_1.1.0.202305231506/tools/bin/../lib/gcc/arm-none-eabi/11.3.1/../../../../arm-none-eabi/lib/thumb/v7e-m+fp/hard\libc_nano.a(libc_a-init.o)
 .ARM.attributes
                0x000000000000027b       0x1e C:/ST/STM32CubeIDE_1.13.1/STM32CubeIDE/plugins/com.st.stm32cube.ide.mcu.externaltools.gnu-tools-for-stm32.11.3.rel1.win32_1.1.0.202305231506/tools/bin/../lib/gcc/arm-none-eabi/11.3.1/thumb/v7e-m+fp/hard/crtn.o
OUTPUT(swn-340 projjj.elf elf32-littlearm)
LOAD linker stubs
LOAD C:/ST/STM32CubeIDE_1.13.1/STM32CubeIDE/plugins/com.st.stm32cube.ide.mcu.externaltools.gnu-tools-for-stm32.11.3.rel1.win32_1.1.0.202305231506/tools/bin/../lib/gcc/arm-none-eabi/11.3.1/../../../../arm-none-eabi/lib/thumb/v7e-m+fp/hard\libc.a
LOAD C:/ST/STM32CubeIDE_1.13.1/STM32CubeIDE/plugins/com.st.stm32cube.ide.mcu.externaltools.gnu-tools-for-stm32.11.3.rel1.win32_1.1.0.202305231506/tools/bin/../lib/gcc/arm-none-eabi/11.3.1/../../../../arm-none-eabi/lib/thumb/v7e-m+fp/hard\libm.a
LOAD C:/ST/STM32CubeIDE_1.13.1/STM32CubeIDE/plugins/com.st.stm32cube.ide.mcu.externaltools.gnu-tools-for-stm32.11.3.rel1.win32_1.1.0.202305231506/tools/bin/../lib/gcc/arm-none-eabi/11.3.1/thumb/v7e-m+fp/hard\libgcc.a

.comment        0x0000000000000000       0x43
 .comment       0x0000000000000000       0x43 C:/ST/STM32CubeIDE_1.13.1/STM32CubeIDE/plugins/com.st.stm32cube.ide.mcu.externaltools.gnu-tools-for-stm32.11.3.rel1.win32_1.1.0.202305231506/tools/bin/../lib/gcc/arm-none-eabi/11.3.1/thumb/v7e-m+fp/hard/crtbegin.o
                                         0x44 (size before relaxing)
 .comment       0x0000000000000043       0x44 ./Core/Src/demos/adc_dac_demo.o
 .comment       0x0000000000000043       0x44 ./Core/Src/devices/GPIO.o
 .comment       0x0000000000000043       0x44 ./Core/Src/devices/LED.o
 .comment       0x0000000000000043       0x44 ./Core/Src/devices/SysClock.o
 .comment       0x0000000000000043       0x44 ./Core/Src/devices/UART.o
 .comment       0x0000000000000043       0x44 ./Core/Src/system/system_stm32l4xx.o
 .comment       0x0000000000000043       0x44 ./Core/Src/tests/led_soft_test.o
 .comment       0x0000000000000043       0x44 ./Core/Src/tests/main.o
 .comment       0x0000000000000043       0x44 ./Drivers/STM32L4xx_HAL_Driver/Src/stm32l4xx_hal_gpio.o

.debug_info     0x0000000000000000     0x2299
 .debug_info    0x0000000000000000      0x1b9 ./Core/Src/demos/adc_dac_demo.o
 .debug_info    0x00000000000001b9      0x433 ./Core/Src/devices/GPIO.o
 .debug_info    0x00000000000005ec      0x3b8 ./Core/Src/devices/LED.o
 .debug_info    0x00000000000009a4      0x385 ./Core/Src/devices/SysClock.o
 .debug_info    0x0000000000000d29      0x5a7 ./Core/Src/devices/UART.o
 .debug_info    0x00000000000012d0      0x5ce ./Core/Src/system/system_stm32l4xx.o
 .debug_info    0x000000000000189e      0x198 ./Core/Src/tests/led_soft_test.o
 .debug_info    0x0000000000001a36       0xe9 ./Core/Src/tests/main.o
 .debug_info    0x0000000000001b1f       0x23 ./Core/Startup/startup_stm32l476rgtx.o
 .debug_info    0x0000000000001b42      0x757 ./Drivers/STM32L4xx_HAL_Driver/Src/stm32l4xx_hal_gpio.o

.debug_abbrev   0x0000000000000000      0x9f4
 .debug_abbrev  0x0000000000000000      0x109 ./Core/Src/demos/adc_dac_demo.o
 .debug_abbrev  0x0000000000000109      0x134 ./Core/Src/devices/GPIO.o
 .debug_abbrev  0x000000000000023d       0xe4 ./Core/Src/devices/LED.o
 .debug_abbrev  0x0000000000000321       0xc6 ./Core/Src/devices/SysClock.o
 .debug_abbrev  0x00000000000003e7      0x173 ./Core/Src/devices/UART.o
 .debug_abbrev  0x000000000000055a      0x13f ./Core/Src/system/system_stm32l4xx.o
 .debug_abbrev  0x0000000000000699       0xe0 ./Core/Src/tests/led_soft_test.o
 .debug_abbrev  0x0000000000000779       0x9e ./Core/Src/tests/main.o
 .debug_abbrev  0x0000000000000817       0x12 ./Core/Startup/startup_stm32l476rgtx.o
 .debug_abbrev  0x0000000000000829      0x1cb ./Drivers/STM32L4xx_HAL_Driver/Src/stm32l4xx_hal_gpio.o

.debug_aranges  0x0000000000000000      0x1f0
 .debug_aranges
                0x0000000000000000       0x38 ./Core/Src/demos/adc_dac_demo.o
 .debug_aranges
                0x0000000000000038       0x20 ./Core/Src/devices/GPIO.o
 .debug_aranges
                0x0000000000000058       0x38 ./Core/Src/devices/LED.o
 .debug_aranges
                0x0000000000000090       0x20 ./Core/Src/devices/SysClock.o
 .debug_aranges
                0x00000000000000b0       0x58 ./Core/Src/devices/UART.o
 .debug_aranges
                0x0000000000000108       0x28 ./Core/Src/system/system_stm32l4xx.o
 .debug_aranges
                0x0000000000000130       0x20 ./Core/Src/tests/led_soft_test.o
 .debug_aranges
                0x0000000000000150       0x20 ./Core/Src/tests/main.o
 .debug_aranges
                0x0000000000000170       0x28 ./Core/Startup/startup_stm32l476rgtx.o
 .debug_aranges
                0x0000000000000198       0x58 ./Drivers/STM32L4xx_HAL_Driver/Src/stm32l4xx_hal_gpio.o

.debug_rnglists
                0x0000000000000000      0x14b
 .debug_rnglists
                0x0000000000000000       0x25 ./Core/Src/demos/adc_dac_demo.o
 .debug_rnglists
                0x0000000000000025       0x14 ./Core/Src/devices/GPIO.o
 .debug_rnglists
                0x0000000000000039       0x26 ./Core/Src/devices/LED.o
 .debug_rnglists
                0x000000000000005f       0x14 ./Core/Src/devices/SysClock.o
 .debug_rnglists
                0x0000000000000073       0x40 ./Core/Src/devices/UART.o
 .debug_rnglists
                0x00000000000000b3       0x1a ./Core/Src/system/system_stm32l4xx.o
 .debug_rnglists
                0x00000000000000cd       0x13 ./Core/Src/tests/led_soft_test.o
 .debug_rnglists
                0x00000000000000e0       0x13 ./Core/Src/tests/main.o
 .debug_rnglists
                0x00000000000000f3       0x19 ./Core/Startup/startup_stm32l476rgtx.o
 .debug_rnglists
                0x000000000000010c       0x3f ./Drivers/STM32L4xx_HAL_Driver/Src/stm32l4xx_hal_gpio.o

.debug_macro    0x0000000000000000    0x25c0c
 .debug_macro   0x0000000000000000      0x1f2 ./Core/Src/demos/adc_dac_demo.o
 .debug_macro   0x00000000000001f2      0xaa8 ./Core/Src/demos/adc_dac_demo.o
 .debug_macro   0x0000000000000c9a       0x2e ./Core/Src/demos/adc_dac_demo.o
 .debug_macro   0x0000000000000cc8       0x28 ./Core/Src/demos/adc_dac_demo.o
 .debug_macro   0x0000000000000cf0       0x22 ./Core/Src/demos/adc_dac_demo.o
 .debug_macro   0x0000000000000d12       0x8e ./Core/Src/demos/adc_dac_demo.o
 .debug_macro   0x0000000000000da0       0x51 ./Core/Src/demos/adc_dac_demo.o
 .debug_macro   0x0000000000000df1      0x103 ./Core/Src/demos/adc_dac_demo.o
 .debug_macro   0x0000000000000ef4       0x6a ./Core/Src/demos/adc_dac_demo.o
 .debug_macro   0x0000000000000f5e      0x1df ./Core/Src/demos/adc_dac_demo.o
 .debug_macro   0x000000000000113d       0x1c ./Core/Src/demos/adc_dac_demo.o
 .debug_macro   0x0000000000001159       0x22 ./Core/Src/demos/adc_dac_demo.o
 .debug_macro   0x000000000000117b       0xfb ./Core/Src/demos/adc_dac_demo.o
 .debug_macro   0x0000000000001276     0x1011 ./Core/Src/demos/adc_dac_demo.o
 .debug_macro   0x0000000000002287      0x11f ./Core/Src/demos/adc_dac_demo.o
 .debug_macro   0x00000000000023a6    0x1a17a ./Core/Src/demos/adc_dac_demo.o
 .debug_macro   0x000000000001c520       0x6d ./Core/Src/demos/adc_dac_demo.o
 .debug_macro   0x000000000001c58d      0x1a7 ./Core/Src/demos/adc_dac_demo.o
 .debug_macro   0x000000000001c734     0x38e6 ./Core/Src/demos/adc_dac_demo.o
 .debug_macro   0x000000000002001a      0x174 ./Core/Src/demos/adc_dac_demo.o
 .debug_macro   0x000000000002018e       0x5c ./Core/Src/demos/adc_dac_demo.o
 .debug_macro   0x00000000000201ea     0x159e ./Core/Src/demos/adc_dac_demo.o
 .debug_macro   0x0000000000021788      0x5a5 ./Core/Src/demos/adc_dac_demo.o
 .debug_macro   0x0000000000021d2d      0x1b9 ./Core/Src/demos/adc_dac_demo.o
 .debug_macro   0x0000000000021ee6      0x18b ./Core/Src/demos/adc_dac_demo.o
 .debug_macro   0x0000000000022071      0x26b ./Core/Src/demos/adc_dac_demo.o
 .debug_macro   0x00000000000222dc      0x23d ./Core/Src/demos/adc_dac_demo.o
 .debug_macro   0x0000000000022519      0xf83 ./Core/Src/demos/adc_dac_demo.o
 .debug_macro   0x000000000002349c      0x632 ./Core/Src/demos/adc_dac_demo.o
 .debug_macro   0x0000000000023ace      0x30c ./Core/Src/demos/adc_dac_demo.o
 .debug_macro   0x0000000000023dda      0x153 ./Core/Src/demos/adc_dac_demo.o
 .debug_macro   0x0000000000023f2d       0xd8 ./Core/Src/demos/adc_dac_demo.o
 .debug_macro   0x0000000000024005      0x241 ./Core/Src/demos/adc_dac_demo.o
 .debug_macro   0x0000000000024246      0x37c ./Core/Src/demos/adc_dac_demo.o
 .debug_macro   0x00000000000245c2       0xd6 ./Core/Src/demos/adc_dac_demo.o
 .debug_macro   0x0000000000024698      0x122 ./Core/Src/demos/adc_dac_demo.o
 .debug_macro   0x00000000000247ba      0x3ef ./Core/Src/demos/adc_dac_demo.o
 .debug_macro   0x0000000000024ba9      0x330 ./Core/Src/demos/adc_dac_demo.o
 .debug_macro   0x0000000000024ed9       0x16 ./Core/Src/demos/adc_dac_demo.o
 .debug_macro   0x0000000000024eef      0x1f0 ./Core/Src/devices/GPIO.o
 .debug_macro   0x00000000000250df       0x5e ./Core/Src/devices/GPIO.o
 .debug_macro   0x000000000002513d       0x10 ./Core/Src/devices/GPIO.o
 .debug_macro   0x000000000002514d       0x22 ./Core/Src/devices/GPIO.o
 .debug_macro   0x000000000002516f       0xc9 ./Core/Src/devices/LED.o
 .debug_macro   0x0000000000025238       0xc9 ./Core/Src/devices/SysClock.o
 .debug_macro   0x0000000000025301       0xdb ./Core/Src/devices/UART.o
 .debug_macro   0x00000000000253dc      0x1d5 ./Core/Src/system/system_stm32l4xx.o
 .debug_macro   0x00000000000255b1      0x20c ./Core/Src/tests/led_soft_test.o
 .debug_macro   0x00000000000257bd      0x279 ./Core/Src/tests/main.o
 .debug_macro   0x0000000000025a36      0x1d6 ./Drivers/STM32L4xx_HAL_Driver/Src/stm32l4xx_hal_gpio.o

.debug_line     0x0000000000000000     0x44c1
 .debug_line    0x0000000000000000      0x7dd ./Core/Src/demos/adc_dac_demo.o
 .debug_line    0x00000000000007dd      0x788 ./Core/Src/devices/GPIO.o
 .debug_line    0x0000000000000f65      0x588 ./Core/Src/devices/LED.o
 .debug_line    0x00000000000014ed      0x5d5 ./Core/Src/devices/SysClock.o
 .debug_line    0x0000000000001ac2      0x6ea ./Core/Src/devices/UART.o
 .debug_line    0x00000000000021ac      0x82d ./Core/Src/system/system_stm32l4xx.o
 .debug_line    0x00000000000029d9      0x799 ./Core/Src/tests/led_soft_test.o
 .debug_line    0x0000000000003172      0x716 ./Core/Src/tests/main.o
 .debug_line    0x0000000000003888       0x7a ./Core/Startup/startup_stm32l476rgtx.o
 .debug_line    0x0000000000003902      0xbbf ./Drivers/STM32L4xx_HAL_Driver/Src/stm32l4xx_hal_gpio.o

.debug_str      0x0000000000000000    0xf4c01
 .debug_str     0x0000000000000000    0xef9d5 ./Core/Src/demos/adc_dac_demo.o
                                      0xefea1 (size before relaxing)
 .debug_str     0x00000000000ef9d5      0x389 ./Core/Src/devices/GPIO.o
                                      0xf0108 (size before relaxing)
 .debug_str     0x00000000000efd5e       0x50 ./Core/Src/devices/LED.o
                                      0x9e39f (size before relaxing)
 .debug_str     0x00000000000efdae       0xb5 ./Core/Src/devices/SysClock.o
                                      0x9e3c0 (size before relaxing)
 .debug_str     0x00000000000efe63      0x101 ./Core/Src/devices/UART.o
                                      0x9e464 (size before relaxing)
 .debug_str     0x00000000000eff64      0x10e ./Core/Src/system/system_stm32l4xx.o
                                      0xeffc6 (size before relaxing)
 .debug_str     0x00000000000f0072       0x4a ./Core/Src/tests/led_soft_test.o
                                      0xeff9d (size before relaxing)
 .debug_str     0x00000000000f00bc     0x4932 ./Core/Src/tests/main.o
                                      0xa2ee4 (size before relaxing)
 .debug_str     0x00000000000f49ee       0x34 ./Core/Startup/startup_stm32l476rgtx.o
                                         0x99 (size before relaxing)
 .debug_str     0x00000000000f4a22      0x1df ./Drivers/STM32L4xx_HAL_Driver/Src/stm32l4xx_hal_gpio.o
                                      0xf011d (size before relaxing)

.debug_frame    0x0000000000000000      0x50c
 .debug_frame   0x0000000000000000       0x90 ./Core/Src/demos/adc_dac_demo.o
 .debug_frame   0x0000000000000090       0x34 ./Core/Src/devices/GPIO.o
 .debug_frame   0x00000000000000c4       0xb0 ./Core/Src/devices/LED.o
 .debug_frame   0x0000000000000174       0x38 ./Core/Src/devices/SysClock.o
 .debug_frame   0x00000000000001ac      0x138 ./Core/Src/devices/UART.o
 .debug_frame   0x00000000000002e4       0x58 ./Core/Src/system/system_stm32l4xx.o
 .debug_frame   0x000000000000033c       0x2c ./Core/Src/tests/led_soft_test.o
 .debug_frame   0x0000000000000368       0x2c ./Core/Src/tests/main.o
 .debug_frame   0x0000000000000394      0x14c ./Drivers/STM32L4xx_HAL_Driver/Src/stm32l4xx_hal_gpio.o
 .debug_frame   0x00000000000004e0       0x2c C:/ST/STM32CubeIDE_1.13.1/STM32CubeIDE/plugins/com.st.stm32cube.ide.mcu.externaltools.gnu-tools-for-stm32.11.3.rel1.win32_1.1.0.202305231506/tools/bin/../lib/gcc/arm-none-eabi/11.3.1/../../../../arm-none-eabi/lib/thumb/v7e-m+fp/hard\libc_nano.a(libc_a-init.o)

.debug_line_str
                0x0000000000000000       0x8d
 .debug_line_str
                0x0000000000000000       0x8d ./Core/Startup/startup_stm32l476rgtx.o
                                         0xa5 (size before relaxing)
