Archive member included to satisfy reference by file (symbol)

C:/ST/STM32CubeIDE_1.13.1/STM32CubeIDE/plugins/com.st.stm32cube.ide.mcu.externaltools.gnu-tools-for-stm32.11.3.rel1.win32_1.1.0.202305231506/tools/bin/../lib/gcc/arm-none-eabi/11.3.1/../../../../arm-none-eabi/lib/thumb/v7e-m+fp/hard\libc_nano.a(libc_a-exit.o)
                              C:/ST/STM32CubeIDE_1.13.1/STM32CubeIDE/plugins/com.st.stm32cube.ide.mcu.externaltools.gnu-tools-for-stm32.11.3.rel1.win32_1.1.0.202305231506/tools/bin/../lib/gcc/arm-none-eabi/11.3.1/../../../../arm-none-eabi/lib/thumb/v7e-m+fp/hard/crt0.o (exit)
C:/ST/STM32CubeIDE_1.13.1/STM32CubeIDE/plugins/com.st.stm32cube.ide.mcu.externaltools.gnu-tools-for-stm32.11.3.rel1.win32_1.1.0.202305231506/tools/bin/../lib/gcc/arm-none-eabi/11.3.1/../../../../arm-none-eabi/lib/thumb/v7e-m+fp/hard\libc_nano.a(libc_a-findfp.o)
                              C:/ST/STM32CubeIDE_1.13.1/STM32CubeIDE/plugins/com.st.stm32cube.ide.mcu.externaltools.gnu-tools-for-stm32.11.3.rel1.win32_1.1.0.202305231506/tools/bin/../lib/gcc/arm-none-eabi/11.3.1/../../../../arm-none-eabi/lib/thumb/v7e-m+fp/hard\libc_nano.a(libc_a-exit.o) (__stdio_exit_handler)
C:/ST/STM32CubeIDE_1.13.1/STM32CubeIDE/plugins/com.st.stm32cube.ide.mcu.externaltools.gnu-tools-for-stm32.11.3.rel1.win32_1.1.0.202305231506/tools/bin/../lib/gcc/arm-none-eabi/11.3.1/../../../../arm-none-eabi/lib/thumb/v7e-m+fp/hard\libc_nano.a(libc_a-fwalk.o)
                              C:/ST/STM32CubeIDE_1.13.1/STM32CubeIDE/plugins/com.st.stm32cube.ide.mcu.externaltools.gnu-tools-for-stm32.11.3.rel1.win32_1.1.0.202305231506/tools/bin/../lib/gcc/arm-none-eabi/11.3.1/../../../../arm-none-eabi/lib/thumb/v7e-m+fp/hard\libc_nano.a(libc_a-findfp.o) (_fwalk_sglue)
C:/ST/STM32CubeIDE_1.13.1/STM32CubeIDE/plugins/com.st.stm32cube.ide.mcu.externaltools.gnu-tools-for-stm32.11.3.rel1.win32_1.1.0.202305231506/tools/bin/../lib/gcc/arm-none-eabi/11.3.1/../../../../arm-none-eabi/lib/thumb/v7e-m+fp/hard\libc_nano.a(libc_a-sprintf.o)
                              ./Core/Src/demos/demo.o (sprintf)
C:/ST/STM32CubeIDE_1.13.1/STM32CubeIDE/plugins/com.st.stm32cube.ide.mcu.externaltools.gnu-tools-for-stm32.11.3.rel1.win32_1.1.0.202305231506/tools/bin/../lib/gcc/arm-none-eabi/11.3.1/../../../../arm-none-eabi/lib/thumb/v7e-m+fp/hard\libc_nano.a(libc_a-stdio.o)
                              C:/ST/STM32CubeIDE_1.13.1/STM32CubeIDE/plugins/com.st.stm32cube.ide.mcu.externaltools.gnu-tools-for-stm32.11.3.rel1.win32_1.1.0.202305231506/tools/bin/../lib/gcc/arm-none-eabi/11.3.1/../../../../arm-none-eabi/lib/thumb/v7e-m+fp/hard\libc_nano.a(libc_a-findfp.o) (__sread)
C:/ST/STM32CubeIDE_1.13.1/STM32CubeIDE/plugins/com.st.stm32cube.ide.mcu.externaltools.gnu-tools-for-stm32.11.3.rel1.win32_1.1.0.202305231506/tools/bin/../lib/gcc/arm-none-eabi/11.3.1/../../../../arm-none-eabi/lib/thumb/v7e-m+fp/hard\libc_nano.a(libc_a-vsprintf.o)
                              ./Core/Src/system/printf.o (vsprintf)
C:/ST/STM32CubeIDE_1.13.1/STM32CubeIDE/plugins/com.st.stm32cube.ide.mcu.externaltools.gnu-tools-for-stm32.11.3.rel1.win32_1.1.0.202305231506/tools/bin/../lib/gcc/arm-none-eabi/11.3.1/../../../../arm-none-eabi/lib/thumb/v7e-m+fp/hard\libc_nano.a(libc_a-memset.o)
                              C:/ST/STM32CubeIDE_1.13.1/STM32CubeIDE/plugins/com.st.stm32cube.ide.mcu.externaltools.gnu-tools-for-stm32.11.3.rel1.win32_1.1.0.202305231506/tools/bin/../lib/gcc/arm-none-eabi/11.3.1/../../../../arm-none-eabi/lib/thumb/v7e-m+fp/hard/crt0.o (memset)
C:/ST/STM32CubeIDE_1.13.1/STM32CubeIDE/plugins/com.st.stm32cube.ide.mcu.externaltools.gnu-tools-for-stm32.11.3.rel1.win32_1.1.0.202305231506/tools/bin/../lib/gcc/arm-none-eabi/11.3.1/../../../../arm-none-eabi/lib/thumb/v7e-m+fp/hard\libc_nano.a(libc_a-closer.o)
                              C:/ST/STM32CubeIDE_1.13.1/STM32CubeIDE/plugins/com.st.stm32cube.ide.mcu.externaltools.gnu-tools-for-stm32.11.3.rel1.win32_1.1.0.202305231506/tools/bin/../lib/gcc/arm-none-eabi/11.3.1/../../../../arm-none-eabi/lib/thumb/v7e-m+fp/hard\libc_nano.a(libc_a-stdio.o) (_close_r)
C:/ST/STM32CubeIDE_1.13.1/STM32CubeIDE/plugins/com.st.stm32cube.ide.mcu.externaltools.gnu-tools-for-stm32.11.3.rel1.win32_1.1.0.202305231506/tools/bin/../lib/gcc/arm-none-eabi/11.3.1/../../../../arm-none-eabi/lib/thumb/v7e-m+fp/hard\libc_nano.a(libc_a-reent.o)
                              C:/ST/STM32CubeIDE_1.13.1/STM32CubeIDE/plugins/com.st.stm32cube.ide.mcu.externaltools.gnu-tools-for-stm32.11.3.rel1.win32_1.1.0.202305231506/tools/bin/../lib/gcc/arm-none-eabi/11.3.1/../../../../arm-none-eabi/lib/thumb/v7e-m+fp/hard\libc_nano.a(libc_a-closer.o) (errno)
C:/ST/STM32CubeIDE_1.13.1/STM32CubeIDE/plugins/com.st.stm32cube.ide.mcu.externaltools.gnu-tools-for-stm32.11.3.rel1.win32_1.1.0.202305231506/tools/bin/../lib/gcc/arm-none-eabi/11.3.1/../../../../arm-none-eabi/lib/thumb/v7e-m+fp/hard\libc_nano.a(libc_a-impure.o)
[...]
Memory Configuration

Name             Origin             Length             Attributes
RAM              0x0000000020000000 0x0000000000018000 xrw
RAM2             0x0000000010000000 0x0000000000008000 xrw
FLASH            0x0000000008000000 0x0000000000100000 xr
*default*        0x0000000000000000 0xffffffffffffffff

Linker script and memory map

LOAD C:/ST/STM32CubeIDE_1.13.1/STM32CubeIDE/plugins/com.st.stm32cube.ide.mcu.externaltools.gnu-tools-for-stm32.11.3.rel1.win32_1.1.0.202305231506/tools/bin/../lib/gcc/arm-none-eabi/11.3.1/thumb/v7e-m+fp/hard/crti.o
LOAD C:/ST/STM32CubeIDE_1.13.1/STM32CubeIDE/plugins/com.st.stm32cube.ide.mcu.externaltools.gnu-tools-for-stm32.11.3.rel1.win32_1.1.0.202305231506/tools/bin/../lib/gcc/arm-none-eabi/11.3.1/thumb/v7e-m+fp/hard/crtbegin.o
LOAD C:/ST/STM32CubeIDE_1.13.1/STM32CubeIDE/plugins/com.st.stm32cube.ide.mcu.externaltools.gnu-tools-for-stm32.11.3.rel1.win32_1.1.0.202305231506/tools/bin/../lib/gcc/arm-none-eabi/11.3.1/../../../../arm-none-eabi/lib/thumb/v7e-m+fp/hard/crt0.o
LOAD ./Core/Src/demos/demo.o
LOAD ./Core/Src/devices/GPIO.o
LOAD ./Core/Src/devices/LED.o
LOAD ./Core/Src/devices/SysClock.o
LOAD ./Core/Src/devices/UART.o
LOAD ./Core/Src/devices/adc.o
LOAD ./Core/Src/devices/dac.o
LOAD ./Core/Src/devices/timer.o
LOAD ./Core/Src/midi/song.o
LOAD ./Core/Src/midi/tone.o
LOAD ./Core/Src/project.o
LOAD ./Core/Src/system/interruptHandlers.o
LOAD ./Core/Src/system/printf.o
LOAD ./Core/Src/system/stm32l4xx_hal_msp.o
LOAD ./Core/Src/system/stm32l4xx_it.o
LOAD ./Core/Src/system/syscalls.o
LOAD ./Core/Src/system/sysmem.o
LOAD ./Core/Src/system/system_stm32l4xx.o
LOAD ./Core/Src/system/systick.o
LOAD ./Core/Src/tests/led_soft_test.o
LOAD ./Core/Src/tests/main.o
LOAD ./Core/Src/tests/reader.o
LOAD ./Core/Startup/startup_stm32l476rgtx.o
LOAD ./Drivers/STM32L4xx_HAL_Driver/Src/stm32l4xx_hal.o
LOAD ./Drivers/STM32L4xx_HAL_Driver/Src/stm32l4xx_hal_adc.o
LOAD ./Drivers/STM32L4xx_HAL_Driver/Src/stm32l4xx_hal_adc_ex.o
LOAD ./Drivers/STM32L4xx_HAL_Driver/Src/stm32l4xx_hal_cortex.o
LOAD ./Drivers/STM32L4xx_HAL_Driver/Src/stm32l4xx_hal_dac.o
LOAD ./Drivers/STM32L4xx_HAL_Driver/Src/stm32l4xx_hal_dac_ex.o
LOAD ./Drivers/STM32L4xx_HAL_Driver/Src/stm32l4xx_hal_dma.o
LOAD ./Drivers/STM32L4xx_HAL_Driver/Src/stm32l4xx_hal_dma_ex.o
LOAD ./Drivers/STM32L4xx_HAL_Driver/Src/stm32l4xx_hal_exti.o
LOAD ./Drivers/STM32L4xx_HAL_Driver/Src/stm32l4xx_hal_flash.o
LOAD ./Drivers/STM32L4xx_HAL_Driver/Src/stm32l4xx_hal_flash_ex.o
LOAD ./Drivers/STM32L4xx_HAL_Driver/Src/stm32l4xx_hal_flash_ramfunc.o
LOAD ./Drivers/STM32L4xx_HAL_Driver/Src/stm32l4xx_hal_gpio.o
LOAD ./Drivers/STM32L4xx_HAL_Driver/Src/stm32l4xx_hal_pwr.o
LOAD ./Drivers/STM32L4xx_HAL_Driver/Src/stm32l4xx_hal_pwr_ex.o
LOAD ./Drivers/STM32L4xx_HAL_Driver/Src/stm32l4xx_hal_rcc.o
LOAD ./Drivers/STM32L4xx_HAL_Driver/Src/stm32l4xx_hal_rcc_ex.o
LOAD ./Drivers/STM32L4xx_HAL_Driver/Src/stm32l4xx_hal_tim.o
LOAD ./Drivers/STM32L4xx_HAL_Driver/Src/stm32l4xx_hal_tim_ex.o
LOAD ./Drivers/STM32L4xx_HAL_Driver/Src/stm32l4xx_hal_uart.o
LOAD ./Drivers/STM32L4xx_HAL_Driver/Src/stm32l4xx_hal_uart_ex.o
START GROUP
LOAD C:/ST/STM32CubeIDE_1.13.1/STM32CubeIDE/plugins/com.st.stm32cube.ide.mcu.externaltools.gnu-tools-for-stm32.11.3.rel1.win32_1.1.0.202305231506/tools/bin/../lib/gcc/arm-none-eabi/11.3.1/../../../../arm-none-eabi/lib/thumb/v7e-m+fp/hard\libc_nano.a
LOAD C:/ST/STM32CubeIDE_1.13.1/STM32CubeIDE/plugins/com.st.stm32cube.ide.mcu.externaltools.gnu-tools-for-stm32.11.3.rel1.win32_1.1.0.202305231506/tools/bin/../lib/gcc/arm-none-eabi/11.3.1/../../../../arm-none-eabi/lib/thumb/v7e-m+fp/hard\libm.a
END GROUP
START GROUP
LOAD C:/ST/STM32CubeIDE_1.13.1/STM32CubeIDE/plugins/com.st.stm32cube.ide.mcu.externaltools.gnu-tools-for-stm32.11.3.rel1.win32_1.1.0.202305231506/tools/bin/../lib/gcc/arm-none-eabi/11.3.1/thumb/v7e-m+fp/hard\libgcc.a
LOAD C:/ST/STM32CubeIDE_1.13.1/STM32CubeIDE/plugins/com.st.stm32cube.ide.mcu.externaltools.gnu-tools-for-stm32.11.3.rel1.win32_1.1.0.202305231506/tools/bin/../lib/gcc/arm-none-eabi/11.3.1/../../../../arm-none-eabi/lib/thumb/v7e-m+fp/hard\libc_nano.a
END GROUP
START GROUP
LOAD C:/ST/STM32CubeIDE_1.13.1/STM32CubeIDE/plugins/com.st.stm32cube.ide.mcu.externaltools.gnu-tools-for-stm32.11.3.rel1.win32_1.1.0.202305231506/tools/bin/../lib/gcc/arm-none-eabi/11.3.1/thumb/v7e-m+fp/hard\libgcc.a
LOAD C:/ST/STM32CubeIDE_1.13.1/STM32CubeIDE/plugins/com.st.stm32cube.ide.mcu.externaltools.gnu-tools-for-stm32.11.3.rel1.win32_1.1.0.202305231506/tools/bin/../lib/gcc/arm-none-eabi/11.3.1/../../../../arm-none-eabi/lib/thumb/v7e-m+fp/hard\libc_nano.a
LOAD C:/ST/STM32CubeIDE_1.13.1/STM32CubeIDE/plugins/com.st.stm32cube.ide.mcu.externaltools.gnu-tools-for-stm32.11.3.rel1.win32_1.1.0.202305231506/tools/bin/../lib/gcc/arm-none-eabi/11.3.1/../../../../arm-none-eabi/lib/thumb/v7e-m+fp/hard\libnosys.a
END GROUP
START GROUP
LOAD C:/ST/STM32CubeIDE_1.13.1/STM32CubeIDE/plugins/com.st.stm32cube.ide.mcu.externaltools.gnu-tools-for-stm32.11.3.rel1.win32_1.1.0.202305231506/tools/bin/../lib/gcc/arm-none-eabi/11.3.1/thumb/v7e-m+fp/hard\libgcc.a
LOAD C:/ST/STM32CubeIDE_1.13.1/STM32CubeIDE/plugins/com.st.stm32cube.ide.mcu.externaltools.gnu-tools-for-stm32.11.3.rel1.win32_1.1.0.202305231506/tools/bin/../lib/gcc/arm-none-eabi/11.3.1/../../../../arm-none-eabi/lib/thumb/v7e-m+fp/hard\libc_nano.a
LOAD C:/ST/STM32CubeIDE_1.13.1/STM32CubeIDE/plugins/com.st.stm32cube.ide.mcu.externaltools.gnu-tools-for-stm32.11.3.rel1.win32_1.1.0.202305231506/tools/bin/../lib/gcc/arm-none-eabi/11.3.1/../../../../arm-none-eabi/lib/thumb/v7e-m+fp/hard\libnosys.a
END GROUP
LOAD C:/ST/STM32CubeIDE_1.13.1/STM32CubeIDE/plugins/com.st.stm32cube.ide.mcu.externaltools.gnu-tools-for-stm32.11.3.rel1.win32_1.1.0.202305231506/tools/bin/../lib/gcc/arm-none-eabi/11.3.1/thumb/v7e-m+fp/hard/crtend.o
LOAD C:/ST/STM32CubeIDE_1.13.1/STM32CubeIDE/plugins/com.st.stm32cube.ide.mcu.externaltools.gnu-tools-for-stm32.11.3.rel1.win32_1.1.0.202305231506/tools/bin/../lib/gcc/arm-none-eabi/11.3.1/thumb/v7e-m+fp/hard/crtn.o
                0x0000000020018000                _estack = (ORIGIN (RAM) + LENGTH (RAM))
                0x0000000000000200                _Min_Heap_Size = 0x200
                0x0000000000000400                _Min_Stack_Size = 0x400

.isr_vector     0x0000000008000000      0x188
                0x0000000008000000                . = ALIGN (0x4)
 *(.isr_vector)
 .isr_vector    0x0000000008000000      0x188 ./Core/Startup/startup_stm32l476rgtx.o
                0x0000000008000000                g_pfnVectors
                0x0000000008000188                . = ALIGN (0x4)

.text           0x0000000008000190     0x2148
                0x0000000008000190                . = ALIGN (0x4)
 *(.text)
 .text          0x0000000008000190       0x40 C:/ST/STM32CubeIDE_1.13.1/STM32CubeIDE/plugins/com.st.stm32cube.ide.mcu.externaltools.gnu-tools-for-stm32.11.3.rel1.win32_1.1.0.202305231506/tools/bin/../lib/gcc/arm-none-eabi/11.3.1/thumb/v7e-m+fp/hard/crtbegin.o
 .text          0x00000000080001d0       0x14 C:/ST/STM32CubeIDE_1.13.1/STM32CubeIDE/plugins/com.st.stm32cube.ide.mcu.externaltools.gnu-tools-for-stm32.11.3.rel1.win32_1.1.0.202305231506/tools/bin/../lib/gcc/arm-none-eabi/11.3.1/../../../../arm-none-eabi/lib/thumb/v7e-m+fp/hard\libc_nano.a(libc_a-strcmp.o)
                0x00000000080001d0                strcmp
 .text          0x00000000080001e4       0x10 C:/ST/STM32CubeIDE_1.13.1/STM32CubeIDE/plugins/com.st.stm32cube.ide.mcu.externaltools.gnu-tools-for-stm32.11.3.rel1.win32_1.1.0.202305231506/tools/bin/../lib/gcc/arm-none-eabi/11.3.1/../../../../arm-none-eabi/lib/thumb/v7e-m+fp/hard\libc_nano.a(libc_a-strlen.o)
                0x00000000080001e4                strlen
 *fill*         0x00000000080001f4        0xc 
 .text          0x0000000008000200       0xa0 C:/ST/STM32CubeIDE_1.13.1/STM32CubeIDE/plugins/com.st.stm32cube.ide.mcu.externaltools.gnu-tools-for-stm32.11.3.rel1.win32_1.1.0.202305231506/tools/bin/../lib/gcc/arm-none-eabi/11.3.1/../../../../arm-none-eabi/lib/thumb/v7e-m+fp/hard\libc_nano.a(libc_a-memchr.o)
                0x0000000008000200                memchr
 *(.text*)
 .text.GPIO_Init
                0x00000000080002a0       0xe0 ./Core/Src/devices/GPIO.o
                0x00000000080002a0                GPIO_Init
 .text.LED_Init
                0x0000000008000380       0xbc ./Core/Src/devices/LED.o
                0x0000000008000380                LED_Init
 .text.LED_On   0x000000000800043c       0x2c ./Core/Src/devices/LED.o
                0x000000000800043c                LED_On
 .text.LED_Off  0x0000000008000468       0x2e ./Core/Src/devices/LED.o
                0x0000000008000468                LED_Off
 .text.LED_Toggle
                0x0000000008000496       0x2c ./Core/Src/devices/LED.o
                0x0000000008000496                LED_Toggle
 *fill*         0x00000000080004c2        0x2 
 .text.System_Clock_Init
                0x00000000080004c4      0x1bc ./Core/Src/devices/SysClock.o
                0x00000000080004c4                System_Clock_Init
 .text.UART2_Init
                0x0000000008000680       0x48 ./Core/Src/devices/UART.o
                0x0000000008000680                UART2_Init
 .text.UART2_GPIO_Init
                0x00000000080006c8       0x90 ./Core/Src/devices/UART.o
                0x00000000080006c8                UART2_GPIO_Init
 .text.USART_Init
                0x0000000008000758      0x118 ./Core/Src/devices/UART.o
                0x0000000008000758                USART_Init
 .text.USART_Read
                0x0000000008000870       0x2a ./Core/Src/devices/UART.o
                0x0000000008000870                USART_Read
 .text.USART_Read_Nonblocking
                0x000000000800089a       0x2c ./Core/Src/devices/UART.o
                0x000000000800089a                USART_Read_Nonblocking
 .text.USART_Write
                0x00000000080008c6       0x66 ./Core/Src/devices/UART.o
                0x00000000080008c6                USART_Write
 .text.USART_Delay
                0x000000000800092c       0x40 ./Core/Src/devices/UART.o
                0x000000000800092c                USART_Delay
 .text.init_syst
                0x000000000800096c       0x40 ./Core/Src/devices/timer.o
                0x000000000800096c                init_syst
 .text.get_song
                0x00000000080009ac       0x30 ./Core/Src/midi/song.o
                0x00000000080009ac                get_song
 .text.next_song
                0x00000000080009dc      0x2c0 ./Core/Src/project.o
                0x00000000080009dc                next_song
 .text.play_song
                0x0000000008000c9c       0x2c ./Core/Src/project.o
                0x0000000008000c9c                play_song
 .text.stop_song
                0x0000000008000cc8       0x24 ./Core/Src/project.o
                0x0000000008000cc8                stop_song
 .text.pause_song
                0x0000000008000cec      0x118 ./Core/Src/project.o
                0x0000000008000cec                pause_song
 .text.take_input_remote
                0x0000000008000e04       0xf8 ./Core/Src/project.o
                0x0000000008000e04                take_input_remote
 .text.mode_print
                0x0000000008000efc       0x40 ./Core/Src/project.o
                0x0000000008000efc                mode_print
 .text.init_player
                0x0000000008000f3c       0x8c ./Core/Src/project.o
                0x0000000008000f3c                init_player
 .text.USART2_IRQHandler
                0x0000000008000fc8       0x30 ./Core/Src/system/interruptHandlers.o
                0x0000000008000fc8                USART2_IRQHandler
 .text.SysTick_Handler
                0x0000000008000ff8       0x1c ./Core/Src/system/interruptHandlers.o
                0x0000000008000ff8                SysTick_Handler
 .text.EXTI15_10_IRQHandler
                0x0000000008001014       0x48 ./Core/Src/system/interruptHandlers.o
                0x0000000008001014                EXTI15_10_IRQHandler
 .text.EXTI9_5_IRQHandler
                0x000000000800105c       0xdc ./Core/Src/system/interruptHandlers.o
                0x000000000800105c                EXTI9_5_IRQHandler
 .text.print_string
                0x0000000008001138       0x24 ./Core/Src/system/printf.o
 .text.puts     0x000000000800115c       0x30 ./Core/Src/system/printf.o
                0x000000000800115c                puts
 .text.putchar  0x000000000800118c       0x1c ./Core/Src/system/printf.o
                0x000000000800118c                putchar
 .text.printf   0x00000000080011a8       0x38 ./Core/Src/system/printf.o
                0x00000000080011a8                printf
 .text._sbrk    0x00000000080011e0       0x6c ./Core/Src/system/sysmem.o
                0x00000000080011e0                _sbrk
 .text.SystemInit
                0x000000000800124c       0x6c ./Core/Src/system/system_stm32l4xx.o
                0x000000000800124c                SystemInit
 .text.init_systick
                0x00000000080012b8       0x64 ./Core/Src/system/systick.o
                0x00000000080012b8                init_systick
 .text.delay_systick
                0x000000000800131c       0x34 ./Core/Src/system/systick.o
                0x000000000800131c                delay_systick
 .text.main     0x0000000008001350       0x34 ./Core/Src/tests/main.o
                0x0000000008001350                main
 .text.read_line
                0x0000000008001384       0x6c ./Core/Src/tests/reader.o
                0x0000000008001384                read_line
 .text.Reset_Handler
                0x00000000080013f0       0x50 ./Core/Startup/startup_stm32l476rgtx.o
                0x00000000080013f0                Reset_Handler
 .text.Default_Handler
                0x0000000008001440        0x2 ./Core/Startup/startup_stm32l476rgtx.o
                0x0000000008001440                RTC_Alarm_IRQHandler
                0x0000000008001440                EXTI2_IRQHandler
                0x0000000008001440                TIM8_TRG_COM_IRQHandler
                0x0000000008001440                TIM8_CC_IRQHandler
                0x0000000008001440                DebugMon_Handler
                0x0000000008001440                TIM1_CC_IRQHandler
                0x0000000008001440                TSC_IRQHandler
                0x0000000008001440                HardFault_Handler
                0x0000000008001440                TAMP_STAMP_IRQHandler
                0x0000000008001440                PendSV_Handler
                0x0000000008001440                NMI_Handler
                0x0000000008001440                EXTI3_IRQHandler
                0x0000000008001440                LPTIM2_IRQHandler
                0x0000000008001440                DFSDM1_FLT1_IRQHandler
                0x0000000008001440                I2C3_ER_IRQHandler
                0x0000000008001440                DFSDM1_FLT2_IRQHandler
                0x0000000008001440                EXTI0_IRQHandler
                0x0000000008001440                I2C2_EV_IRQHandler
                0x0000000008001440                CAN1_RX0_IRQHandler
                0x0000000008001440                FPU_IRQHandler
                0x0000000008001440                TIM1_UP_TIM16_IRQHandler
                0x0000000008001440                UsageFault_Handler
                0x0000000008001440                ADC1_2_IRQHandler
                0x0000000008001440                SPI1_IRQHandler
                0x0000000008001440                TIM6_DAC_IRQHandler
                0x0000000008001440                TIM8_UP_IRQHandler
                0x0000000008001440                DMA2_Channel2_IRQHandler
                0x0000000008001440                DMA1_Channel4_IRQHandler
                0x0000000008001440                SAI2_IRQHandler
                0x0000000008001440                DFSDM1_FLT3_IRQHandler
                0x0000000008001440                USART3_IRQHandler
                0x0000000008001440                DMA1_Channel7_IRQHandler
                0x0000000008001440                CAN1_RX1_IRQHandler
                0x0000000008001440                LCD_IRQHandler
                0x0000000008001440                UART5_IRQHandler
                0x0000000008001440                ADC3_IRQHandler
                0x0000000008001440                TIM4_IRQHandler
                0x0000000008001440                DMA2_Channel1_IRQHandler
                0x0000000008001440                QUADSPI_IRQHandler
                0x0000000008001440                I2C1_EV_IRQHandler
                0x0000000008001440                DMA1_Channel6_IRQHandler
                0x0000000008001440                UART4_IRQHandler
                0x0000000008001440                DMA2_Channel4_IRQHandler
                0x0000000008001440                TIM3_IRQHandler
                0x0000000008001440                RCC_IRQHandler
                0x0000000008001440                DMA1_Channel1_IRQHandler
                0x0000000008001440                Default_Handler
                0x0000000008001440                DMA2_Channel7_IRQHandler
                0x0000000008001440                TIM7_IRQHandler
                0x0000000008001440                SDMMC1_IRQHandler
                0x0000000008001440                TIM5_IRQHandler
                0x0000000008001440                I2C3_EV_IRQHandler
                0x0000000008001440                RTC_WKUP_IRQHandler
                0x0000000008001440                PVD_PVM_IRQHandler
                0x0000000008001440                SPI2_IRQHandler
                0x0000000008001440                MemManage_Handler
                0x0000000008001440                CAN1_TX_IRQHandler
                0x0000000008001440                SVC_Handler
                0x0000000008001440                DMA2_Channel5_IRQHandler
                0x0000000008001440                DMA1_Channel5_IRQHandler
                0x0000000008001440                EXTI4_IRQHandler
                0x0000000008001440                RNG_IRQHandler
                0x0000000008001440                TIM1_TRG_COM_TIM17_IRQHandler
                0x0000000008001440                DMA1_Channel3_IRQHandler
                0x0000000008001440                COMP_IRQHandler
                0x0000000008001440                WWDG_IRQHandler
                0x0000000008001440                LPUART1_IRQHandler
                0x0000000008001440                DMA2_Channel6_IRQHandler
                0x0000000008001440                TIM2_IRQHandler
                0x0000000008001440                EXTI1_IRQHandler
                0x0000000008001440                DFSDM1_FLT0_IRQHandler
                0x0000000008001440                I2C2_ER_IRQHandler
                0x0000000008001440                DMA1_Channel2_IRQHandler
                0x0000000008001440                TIM8_BRK_IRQHandler
                0x0000000008001440                CAN1_SCE_IRQHandler
                0x0000000008001440                FLASH_IRQHandler
                0x0000000008001440                BusFault_Handler
                0x0000000008001440                USART1_IRQHandler
                0x0000000008001440                OTG_FS_IRQHandler
                0x0000000008001440                SPI3_IRQHandler
                0x0000000008001440                I2C1_ER_IRQHandler
                0x0000000008001440                FMC_IRQHandler
                0x0000000008001440                SWPMI1_IRQHandler
                0x0000000008001440                LPTIM1_IRQHandler
                0x0000000008001440                SAI1_IRQHandler
                0x0000000008001440                DMA2_Channel3_IRQHandler
                0x0000000008001440                TIM1_BRK_TIM15_IRQHandler
 *fill*         0x0000000008001442        0x2 
 .text.__NVIC_GetPriorityGrouping
                0x0000000008001444       0x1c ./Drivers/STM32L4xx_HAL_Driver/Src/stm32l4xx_hal_cortex.o
 .text.__NVIC_EnableIRQ
                0x0000000008001460       0x3c ./Drivers/STM32L4xx_HAL_Driver/Src/stm32l4xx_hal_cortex.o
 .text.__NVIC_SetPriority
                0x000000000800149c       0x54 ./Drivers/STM32L4xx_HAL_Driver/Src/stm32l4xx_hal_cortex.o
 .text.NVIC_EncodePriority
                0x00000000080014f0       0x66 ./Drivers/STM32L4xx_HAL_Driver/Src/stm32l4xx_hal_cortex.o
 .text.HAL_NVIC_SetPriority
                0x0000000008001556       0x38 ./Drivers/STM32L4xx_HAL_Driver/Src/stm32l4xx_hal_cortex.o
                0x0000000008001556                HAL_NVIC_SetPriority
 .text.HAL_NVIC_EnableIRQ
                0x000000000800158e       0x1c ./Drivers/STM32L4xx_HAL_Driver/Src/stm32l4xx_hal_cortex.o
                0x000000000800158e                HAL_NVIC_EnableIRQ
 *fill*         0x00000000080015aa        0x2 
 .text.HAL_GPIO_Init
                0x00000000080015ac      0x354 ./Drivers/STM32L4xx_HAL_Driver/Src/stm32l4xx_hal_gpio.o
                0x00000000080015ac                HAL_GPIO_Init
 .text.HAL_GPIO_ReadPin
                0x0000000008001900       0x30 ./Drivers/STM32L4xx_HAL_Driver/Src/stm32l4xx_hal_gpio.o
                0x0000000008001900                HAL_GPIO_ReadPin
 .text.HAL_GPIO_EXTI_IRQHandler
                0x0000000008001930       0x30 ./Drivers/STM32L4xx_HAL_Driver/Src/stm32l4xx_hal_gpio.o
                0x0000000008001930                HAL_GPIO_EXTI_IRQHandler
 .text.HAL_GPIO_EXTI_Callback
                0x0000000008001960       0x16 ./Drivers/STM32L4xx_HAL_Driver/Src/stm32l4xx_hal_gpio.o
                0x0000000008001960                HAL_GPIO_EXTI_Callback
 *fill*         0x0000000008001976        0x2 
 .text._vsprintf_r
                0x0000000008001978       0x2c C:/ST/STM32CubeIDE_1.13.1/STM32CubeIDE/plugins/com.st.stm32cube.ide.mcu.externaltools.gnu-tools-for-stm32.11.3.rel1.win32_1.1.0.202305231506/tools/bin/../lib/gcc/arm-none-eabi/11.3.1/../../../../arm-none-eabi/lib/thumb/v7e-m+fp/hard\libc_nano.a(libc_a-vsprintf.o)
                0x0000000008001978                _vsprintf_r
                0x0000000008001978                _vsiprintf_r
 .text.vsprintf
                0x00000000080019a4       0x14 C:/ST/STM32CubeIDE_1.13.1/STM32CubeIDE/plugins/com.st.stm32cube.ide.mcu.externaltools.gnu-tools-for-stm32.11.3.rel1.win32_1.1.0.202305231506/tools/bin/../lib/gcc/arm-none-eabi/11.3.1/../../../../arm-none-eabi/lib/thumb/v7e-m+fp/hard\libc_nano.a(libc_a-vsprintf.o)
                0x00000000080019a4                vsiprintf
                0x00000000080019a4                vsprintf
 .text.memset   0x00000000080019b8       0x10 C:/ST/STM32CubeIDE_1.13.1/STM32CubeIDE/plugins/com.st.stm32cube.ide.mcu.externaltools.gnu-tools-for-stm32.11.3.rel1.win32_1.1.0.202305231506/tools/bin/../lib/gcc/arm-none-eabi/11.3.1/../../../../arm-none-eabi/lib/thumb/v7e-m+fp/hard\libc_nano.a(libc_a-memset.o)
                0x00000000080019b8                memset
 .text.__errno  0x00000000080019c8        0xc C:/ST/STM32CubeIDE_1.13.1/STM32CubeIDE/plugins/com.st.stm32cube.ide.mcu.externaltools.gnu-tools-for-stm32.11.3.rel1.win32_1.1.0.202305231506/tools/bin/../lib/gcc/arm-none-eabi/11.3.1/../../../../arm-none-eabi/lib/thumb/v7e-m+fp/hard\libc_nano.a(libc_a-errno.o)
                0x00000000080019c8                __errno
 .text.__libc_init_array
                0x00000000080019d4       0x48 C:/ST/STM32CubeIDE_1.13.1/STM32CubeIDE/plugins/com.st.stm32cube.ide.mcu.externaltools.gnu-tools-for-stm32.11.3.rel1.win32_1.1.0.202305231506/tools/bin/../lib/gcc/arm-none-eabi/11.3.1/../../../../arm-none-eabi/lib/thumb/v7e-m+fp/hard\libc_nano.a(libc_a-init.o)
                0x00000000080019d4                __libc_init_array
 .text.__retarget_lock_acquire_recursive
                0x0000000008001a1c        0x2 C:/ST/STM32CubeIDE_1.13.1/STM32CubeIDE/plugins/com.st.stm32cube.ide.mcu.externaltools.gnu-tools-for-stm32.11.3.rel1.win32_1.1.0.202305231506/tools/bin/../lib/gcc/arm-none-eabi/11.3.1/../../../../arm-none-eabi/lib/thumb/v7e-m+fp/hard\libc_nano.a(libc_a-lock.o)
                0x0000000008001a1c                __retarget_lock_acquire_recursive
 .text.__retarget_lock_release_recursive
                0x0000000008001a1e        0x2 C:/ST/STM32CubeIDE_1.13.1/STM32CubeIDE/plugins/com.st.stm32cube.ide.mcu.externaltools.gnu-tools-for-stm32.11.3.rel1.win32_1.1.0.202305231506/tools/bin/../lib/gcc/arm-none-eabi/11.3.1/../../../../arm-none-eabi/lib/thumb/v7e-m+fp/hard\libc_nano.a(libc_a-lock.o)
                0x0000000008001a1e                __retarget_lock_release_recursive
 .text._free_r  0x0000000008001a20       0x98 C:/ST/STM32CubeIDE_1.13.1/STM32CubeIDE/plugins/com.st.stm32cube.ide.mcu.externaltools.gnu-tools-for-stm32.11.3.rel1.win32_1.1.0.202305231506/tools/bin/../lib/gcc/arm-none-eabi/11.3.1/../../../../arm-none-eabi/lib/thumb/v7e-m+fp/hard\libc_nano.a(libc_a-freer.o)
                0x0000000008001a20                _free_r
 .text.sbrk_aligned
                0x0000000008001ab8       0x40 C:/ST/STM32CubeIDE_1.13.1/STM32CubeIDE/plugins/com.st.stm32cube.ide.mcu.externaltools.gnu-tools-for-stm32.11.3.rel1.win32_1.1.0.202305231506/tools/bin/../lib/gcc/arm-none-eabi/11.3.1/../../../../arm-none-eabi/lib/thumb/v7e-m+fp/hard\libc_nano.a(libc_a-mallocr.o)
 .text._malloc_r
                0x0000000008001af8      0x100 C:/ST/STM32CubeIDE_1.13.1/STM32CubeIDE/plugins/com.st.stm32cube.ide.mcu.externaltools.gnu-tools-for-stm32.11.3.rel1.win32_1.1.0.202305231506/tools/bin/../lib/gcc/arm-none-eabi/11.3.1/../../../../arm-none-eabi/lib/thumb/v7e-m+fp/hard\libc_nano.a(libc_a-mallocr.o)
                0x0000000008001af8                _malloc_r
 .text.__malloc_lock
                0x0000000008001bf8        0xc C:/ST/STM32CubeIDE_1.13.1/STM32CubeIDE/plugins/com.st.stm32cube.ide.mcu.externaltools.gnu-tools-for-stm32.11.3.rel1.win32_1.1.0.202305231506/tools/bin/../lib/gcc/arm-none-eabi/11.3.1/../../../../arm-none-eabi/lib/thumb/v7e-m+fp/hard\libc_nano.a(libc_a-mlock.o)
                0x0000000008001bf8                __malloc_lock
 .text.__malloc_unlock
                0x0000000008001c04        0xc C:/ST/STM32CubeIDE_1.13.1/STM32CubeIDE/plugins/com.st.stm32cube.ide.mcu.externaltools.gnu-tools-for-stm32.11.3.rel1.win32_1.1.0.202305231506/tools/bin/../lib/gcc/arm-none-eabi/11.3.1/../../../../arm-none-eabi/lib/thumb/v7e-m+fp/hard\libc_nano.a(libc_a-mlock.o)
                0x0000000008001c04                __malloc_unlock
 .text.__ssputs_r
                0x0000000008001c10       0xb4 C:/ST/STM32CubeIDE_1.13.1/STM32CubeIDE/plugins/com.st.stm32cube.ide.mcu.externaltools.gnu-tools-for-stm32.11.3.rel1.win32_1.1.0.202305231506/tools/bin/../lib/gcc/arm-none-eabi/11.3.1/../../../../arm-none-eabi/lib/thumb/v7e-m+fp/hard\libc_nano.a(libc_a-nano-svfprintf.o)
                0x0000000008001c10                __ssputs_r
 .text._svfprintf_r
                0x0000000008001cc4      0x1fc C:/ST/STM32CubeIDE_1.13.1/STM32CubeIDE/plugins/com.st.stm32cube.ide.mcu.externaltools.gnu-tools-for-stm32.11.3.rel1.win32_1.1.0.202305231506/tools/bin/../lib/gcc/arm-none-eabi/11.3.1/../../../../arm-none-eabi/lib/thumb/v7e-m+fp/hard\libc_nano.a(libc_a-nano-svfprintf.o)
                0x0000000008001cc4                _svfiprintf_r
                0x0000000008001cc4                _svfprintf_r
 .text._printf_common
                0x0000000008001ec0       0xda C:/ST/STM32CubeIDE_1.13.1/STM32CubeIDE/plugins/com.st.stm32cube.ide.mcu.externaltools.gnu-tools-for-stm32.11.3.rel1.win32_1.1.0.202305231506/tools/bin/../lib/gcc/arm-none-eabi/11.3.1/../../../../arm-none-eabi/lib/thumb/v7e-m+fp/hard\libc_nano.a(libc_a-nano-vfprintf_i.o)
                0x0000000008001ec0                _printf_common
 *fill*         0x0000000008001f9a        0x2 
 .text._printf_i
                0x0000000008001f9c      0x244 C:/ST/STM32CubeIDE_1.13.1/STM32CubeIDE/plugins/com.st.stm32cube.ide.mcu.externaltools.gnu-tools-for-stm32.11.3.rel1.win32_1.1.0.202305231506/tools/bin/../lib/gcc/arm-none-eabi/11.3.1/../../../../arm-none-eabi/lib/thumb/v7e-m+fp/hard\libc_nano.a(libc_a-nano-vfprintf_i.o)
                0x0000000008001f9c                _printf_i
 .text.memmove  0x00000000080021e0       0x34 C:/ST/STM32CubeIDE_1.13.1/STM32CubeIDE/plugins/com.st.stm32cube.ide.mcu.externaltools.gnu-tools-for-stm32.11.3.rel1.win32_1.1.0.202305231506/tools/bin/../lib/gcc/arm-none-eabi/11.3.1/../../../../arm-none-eabi/lib/thumb/v7e-m+fp/hard\libc_nano.a(libc_a-memmove.o)
                0x00000000080021e0                memmove
 .text._sbrk_r  0x0000000008002214       0x20 C:/ST/STM32CubeIDE_1.13.1/STM32CubeIDE/plugins/com.st.stm32cube.ide.mcu.externaltools.gnu-tools-for-stm32.11.3.rel1.win32_1.1.0.202305231506/tools/bin/../lib/gcc/arm-none-eabi/11.3.1/../../../../arm-none-eabi/lib/thumb/v7e-m+fp/hard\libc_nano.a(libc_a-sbrkr.o)
                0x0000000008002214                _sbrk_r
 .text.memcpy   0x0000000008002234       0x1c C:/ST/STM32CubeIDE_1.13.1/STM32CubeIDE/plugins/com.st.stm32cube.ide.mcu.externaltools.gnu-tools-for-stm32.11.3.rel1.win32_1.1.0.202305231506/tools/bin/../lib/gcc/arm-none-eabi/11.3.1/../../../../arm-none-eabi/lib/thumb/v7e-m+fp/hard\libc_nano.a(libc_a-memcpy-stub.o)
                0x0000000008002234                memcpy
 .text._realloc_r
                0x0000000008002250       0x5e C:/ST/STM32CubeIDE_1.13.1/STM32CubeIDE/plugins/com.st.stm32cube.ide.mcu.externaltools.gnu-tools-for-stm32.11.3.rel1.win32_1.1.0.202305231506/tools/bin/../lib/gcc/arm-none-eabi/11.3.1/../../../../arm-none-eabi/lib/thumb/v7e-m+fp/hard\libc_nano.a(libc_a-reallocr.o)
                0x0000000008002250                _realloc_r
 .text._malloc_usable_size_r
                0x00000000080022ae       0x10 C:/ST/STM32CubeIDE_1.13.1/STM32CubeIDE/plugins/com.st.stm32cube.ide.mcu.externaltools.gnu-tools-for-stm32.11.3.rel1.win32_1.1.0.202305231506/tools/bin/../lib/gcc/arm-none-eabi/11.3.1/../../../../arm-none-eabi/lib/thumb/v7e-m+fp/hard\libc_nano.a(libc_a-msizer.o)
                0x00000000080022ae                _malloc_usable_size_r
 *(.glue_7)
 .glue_7        0x00000000080022be        0x0 linker stubs
 *(.glue_7t)
 .glue_7t       0x00000000080022be        0x0 linker stubs
 *(.eh_frame)
 *fill*         0x00000000080022be        0x2 
 .eh_frame      0x00000000080022c0        0x0 C:/ST/STM32CubeIDE_1.13.1/STM32CubeIDE/plugins/com.st.stm32cube.ide.mcu.externaltools.gnu-tools-for-stm32.11.3.rel1.win32_1.1.0.202305231506/tools/bin/../lib/gcc/arm-none-eabi/11.3.1/thumb/v7e-m+fp/hard/crtbegin.o
 *(.init)
 .init          0x00000000080022c0        0x4 C:/ST/STM32CubeIDE_1.13.1/STM32CubeIDE/plugins/com.st.stm32cube.ide.mcu.externaltools.gnu-tools-for-stm32.11.3.rel1.win32_1.1.0.202305231506/tools/bin/../lib/gcc/arm-none-eabi/11.3.1/thumb/v7e-m+fp/hard/crti.o
                0x00000000080022c0                _init
 .init          0x00000000080022c4        0x8 C:/ST/STM32CubeIDE_1.13.1/STM32CubeIDE/plugins/com.st.stm32cube.ide.mcu.externaltools.gnu-tools-for-stm32.11.3.rel1.win32_1.1.0.202305231506/tools/bin/../lib/gcc/arm-none-eabi/11.3.1/thumb/v7e-m+fp/hard/crtn.o
 *(.fini)
 .fini          0x00000000080022cc        0x4 C:/ST/STM32CubeIDE_1.13.1/STM32CubeIDE/plugins/com.st.stm32cube.ide.mcu.externaltools.gnu-tools-for-stm32.11.3.rel1.win32_1.1.0.202305231506/tools/bin/../lib/gcc/arm-none-eabi/11.3.1/thumb/v7e-m+fp/hard/crti.o
                0x00000000080022cc                _fini
 .fini          0x00000000080022d0        0x8 C:/ST/STM32CubeIDE_1.13.1/STM32CubeIDE/plugins/com.st.stm32cube.ide.mcu.externaltools.gnu-tools-for-stm32.11.3.rel1.win32_1.1.0.202305231506/tools/bin/../lib/gcc/arm-none-eabi/11.3.1/thumb/v7e-m+fp/hard/crtn.o
                0x00000000080022d8                . = ALIGN (0x4)
                0x00000000080022d8                _etext = .

.vfp11_veneer   0x00000000080022d8        0x0
 .vfp11_veneer  0x00000000080022d8        0x0 linker stubs

.v4_bx          0x00000000080022d8        0x0
 .v4_bx         0x00000000080022d8        0x0 linker stubs

.iplt           0x00000000080022d8        0x0
 .iplt          0x00000000080022d8        0x0 C:/ST/STM32CubeIDE_1.13.1/STM32CubeIDE/plugins/com.st.stm32cube.ide.mcu.externaltools.gnu-tools-for-stm32.11.3.rel1.win32_1.1.0.202305231506/tools/bin/../lib/gcc/arm-none-eabi/11.3.1/thumb/v7e-m+fp/hard/crtbegin.o

.rodata         0x00000000080022d8      0x274
                0x00000000080022d8                . = ALIGN (0x4)
 *(.rodata)
 .rodata        0x00000000080022d8      0x222 ./Core/Src/project.o
 *fill*         0x00000000080024fa        0x2 
 .rodata        0x00000000080024fc       0x17 ./Core/Src/system/interruptHandlers.o
 *fill*         0x0000000008002513        0x1 
 .rodata        0x0000000008002514        0x2 ./Core/Src/system/printf.o
 *(.rodata*)
 .rodata._svfprintf_r.str1.1
                0x0000000008002516       0x11 C:/ST/STM32CubeIDE_1.13.1/STM32CubeIDE/plugins/com.st.stm32cube.ide.mcu.externaltools.gnu-tools-for-stm32.11.3.rel1.win32_1.1.0.202305231506/tools/bin/../lib/gcc/arm-none-eabi/11.3.1/../../../../arm-none-eabi/lib/thumb/v7e-m+fp/hard\libc_nano.a(libc_a-nano-svfprintf.o)
 .rodata._printf_i.str1.1
                0x0000000008002527       0x22 C:/ST/STM32CubeIDE_1.13.1/STM32CubeIDE/plugins/com.st.stm32cube.ide.mcu.externaltools.gnu-tools-for-stm32.11.3.rel1.win32_1.1.0.202305231506/tools/bin/../lib/gcc/arm-none-eabi/11.3.1/../../../../arm-none-eabi/lib/thumb/v7e-m+fp/hard\libc_nano.a(libc_a-nano-vfprintf_i.o)
                0x000000000800254c                . = ALIGN (0x4)
 *fill*         0x0000000008002549        0x3 

.rel.dyn        0x000000000800254c        0x0
 .rel.iplt      0x000000000800254c        0x0 C:/ST/STM32CubeIDE_1.13.1/STM32CubeIDE/plugins/com.st.stm32cube.ide.mcu.externaltools.gnu-tools-for-stm32.11.3.rel1.win32_1.1.0.202305231506/tools/bin/../lib/gcc/arm-none-eabi/11.3.1/thumb/v7e-m+fp/hard/crtbegin.o

.ARM.extab      0x000000000800254c        0x0
                0x000000000800254c                . = ALIGN (0x4)
 *(.ARM.extab* .gnu.linkonce.armextab.*)
                0x000000000800254c                . = ALIGN (0x4)

.ARM            0x000000000800254c        0x0
                0x000000000800254c                . = ALIGN (0x4)
                0x000000000800254c                __exidx_start = .
 *(.ARM.exidx*)
                0x000000000800254c                __exidx_end = .
                0x000000000800254c                . = ALIGN (0x4)

.preinit_array  0x000000000800254c        0x0
                0x000000000800254c                . = ALIGN (0x4)
                0x000000000800254c                PROVIDE (__preinit_array_start = .)
 *(.preinit_array*)
                0x000000000800254c                PROVIDE (__preinit_array_end = .)
                0x000000000800254c                . = ALIGN (0x4)

.init_array     0x000000000800254c        0x4
                0x000000000800254c                . = ALIGN (0x4)
                0x000000000800254c                PROVIDE (__init_array_start = .)
 *(SORT_BY_NAME(.init_array.*))
 *(.init_array*)
 .init_array    0x000000000800254c        0x4 C:/ST/STM32CubeIDE_1.13.1/STM32CubeIDE/plugins/com.st.stm32cube.ide.mcu.externaltools.gnu-tools-for-stm32.11.3.rel1.win32_1.1.0.202305231506/tools/bin/../lib/gcc/arm-none-eabi/11.3.1/thumb/v7e-m+fp/hard/crtbegin.o
                0x0000000008002550                PROVIDE (__init_array_end = .)
                0x0000000008002550                . = ALIGN (0x4)

.fini_array     0x0000000008002550        0x4
                0x0000000008002550                . = ALIGN (0x4)
                [!provide]                        PROVIDE (__fini_array_start = .)
 *(SORT_BY_NAME(.fini_array.*))
 *(.fini_array*)
 .fini_array    0x0000000008002550        0x4 C:/ST/STM32CubeIDE_1.13.1/STM32CubeIDE/plugins/com.st.stm32cube.ide.mcu.externaltools.gnu-tools-for-stm32.11.3.rel1.win32_1.1.0.202305231506/tools/bin/../lib/gcc/arm-none-eabi/11.3.1/thumb/v7e-m+fp/hard/crtbegin.o
                [!provide]                        PROVIDE (__fini_array_end = .)
                0x0000000008002554                . = ALIGN (0x4)
                0x0000000008002554                _sidata = LOADADDR (.data)

.data           0x0000000020000000     0x7b30 load address 0x0000000008002554
                0x0000000020000000                . = ALIGN (0x4)
                0x0000000020000000                _sdata = .
 *(.data)
 *(.data*)
 .data.song0    0x0000000020000000      0x20f ./Core/Src/midi/song.o
                0x0000000020000000                song0
 *fill*         0x000000002000020f        0x1 
 .data.song1    0x0000000020000210      0x26b ./Core/Src/midi/song.o
                0x0000000020000210                song1
 *fill*         0x000000002000047b        0x1 
 .data.song2    0x000000002000047c      0x39f ./Core/Src/midi/song.o
                0x000000002000047c                song2
 *fill*         0x000000002000081b        0x1 
 .data.song3    0x000000002000081c     0x21e0 ./Core/Src/midi/song.o
                0x000000002000081c                song3
 .data.song4    0x00000000200029fc     0x50a7 ./Core/Src/midi/song.o
                0x00000000200029fc                song4
 *fill*         0x0000000020007aa3        0x1 
 .data.songs    0x0000000020007aa4       0x28 ./Core/Src/midi/song.o
                0x0000000020007aa4                songs
 .data.MAX_STRING_SIZE
                0x0000000020007acc        0x4 ./Core/Src/project.o
 .data.isRemote
                0x0000000020007ad0        0x4 ./Core/Src/project.o
                0x0000000020007ad0                isRemote
 .data.currentSongNum
                0x0000000020007ad4        0x4 ./Core/Src/project.o
                0x0000000020007ad4                currentSongNum
 .data.SYST_TICK
                0x0000000020007ad8        0x4 ./Core/Src/system/systick.o
                0x0000000020007ad8                SYST_TICK
 .data.EXTERN_LED
                0x0000000020007adc        0x4 ./Core/Src/tests/main.o
                0x0000000020007adc                EXTERN_LED
 .data._impure_data
                0x0000000020007ae0       0x4c C:/ST/STM32CubeIDE_1.13.1/STM32CubeIDE/plugins/com.st.stm32cube.ide.mcu.externaltools.gnu-tools-for-stm32.11.3.rel1.win32_1.1.0.202305231506/tools/bin/../lib/gcc/arm-none-eabi/11.3.1/../../../../arm-none-eabi/lib/thumb/v7e-m+fp/hard\libc_nano.a(libc_a-impure.o)
                0x0000000020007ae0                _impure_data
 .data._impure_ptr
                0x0000000020007b2c        0x4 C:/ST/STM32CubeIDE_1.13.1/STM32CubeIDE/plugins/com.st.stm32cube.ide.mcu.externaltools.gnu-tools-for-stm32.11.3.rel1.win32_1.1.0.202305231506/tools/bin/../lib/gcc/arm-none-eabi/11.3.1/../../../../arm-none-eabi/lib/thumb/v7e-m+fp/hard\libc_nano.a(libc_a-impure.o)
                0x0000000020007b2c                _impure_ptr
 *(.RamFunc)
 *(.RamFunc*)
                0x0000000020007b30                . = ALIGN (0x4)
                0x0000000020007b30                _edata = .

.igot.plt       0x0000000020007b30        0x0 load address 0x000000000800a084
 .igot.plt      0x0000000020007b30        0x0 C:/ST/STM32CubeIDE_1.13.1/STM32CubeIDE/plugins/com.st.stm32cube.ide.mcu.externaltools.gnu-tools-for-stm32.11.3.rel1.win32_1.1.0.202305231506/tools/bin/../lib/gcc/arm-none-eabi/11.3.1/thumb/v7e-m+fp/hard/crtbegin.o
                0x0000000020007b30                . = ALIGN (0x4)

.bss            0x0000000020007b30      0x2fc load address 0x000000000800a084
                0x0000000020007b30                _sbss = .
                0x0000000020007b30                __bss_start__ = _sbss
 *(.bss)
 .bss           0x0000000020007b30       0x1c C:/ST/STM32CubeIDE_1.13.1/STM32CubeIDE/plugins/com.st.stm32cube.ide.mcu.externaltools.gnu-tools-for-stm32.11.3.rel1.win32_1.1.0.202305231506/tools/bin/../lib/gcc/arm-none-eabi/11.3.1/thumb/v7e-m+fp/hard/crtbegin.o
 *(.bss*)
 .bss.PLAY_PAUSE_TOG
                0x0000000020007b4c        0x4 ./Core/Src/project.o
                0x0000000020007b4c                PLAY_PAUSE_TOG
 .bss.BUFFER    0x0000000020007b50       0x80 ./Core/Src/project.o
                0x0000000020007b50                BUFFER
 .bss.lightState
                0x0000000020007bd0        0x4 ./Core/Src/project.o
                0x0000000020007bd0                lightState
 .bss.buttonPressCount
                0x0000000020007bd4        0x4 ./Core/Src/system/interruptHandlers.o
                0x0000000020007bd4                buttonPressCount
 .bss.ticks     0x0000000020007bd8        0x4 ./Core/Src/system/interruptHandlers.o
                0x0000000020007bd8                ticks
 .bss.lastButtonPressTime
                0x0000000020007bdc        0x4 ./Core/Src/system/interruptHandlers.o
                0x0000000020007bdc                lastButtonPressTime
 .bss.buffer    0x0000000020007be0       0x80 ./Core/Src/system/printf.o
 .bss.__sbrk_heap_end
                0x0000000020007c60        0x4 ./Core/Src/system/sysmem.o
 .bss.BUER      0x0000000020007c64       0x80 ./Core/Src/tests/reader.o
 .bss.__sf      0x0000000020007ce4      0x138 C:/ST/STM32CubeIDE_1.13.1/STM32CubeIDE/plugins/com.st.stm32cube.ide.mcu.externaltools.gnu-tools-for-stm32.11.3.rel1.win32_1.1.0.202305231506/tools/bin/../lib/gcc/arm-none-eabi/11.3.1/../../../../arm-none-eabi/lib/thumb/v7e-m+fp/hard\libc_nano.a(libc_a-findfp.o)
                0x0000000020007ce4                __sf
 .bss.errno     0x0000000020007e1c        0x4 C:/ST/STM32CubeIDE_1.13.1/STM32CubeIDE/plugins/com.st.stm32cube.ide.mcu.externaltools.gnu-tools-for-stm32.11.3.rel1.win32_1.1.0.202305231506/tools/bin/../lib/gcc/arm-none-eabi/11.3.1/../../../../arm-none-eabi/lib/thumb/v7e-m+fp/hard\libc_nano.a(libc_a-reent.o)
                0x0000000020007e1c                errno
 .bss.__lock___malloc_recursive_mutex
                0x0000000020007e20        0x1 C:/ST/STM32CubeIDE_1.13.1/STM32CubeIDE/plugins/com.st.stm32cube.ide.mcu.externaltools.gnu-tools-for-stm32.11.3.rel1.win32_1.1.0.202305231506/tools/bin/../lib/gcc/arm-none-eabi/11.3.1/../../../../arm-none-eabi/lib/thumb/v7e-m+fp/hard\libc_nano.a(libc_a-lock.o)
                0x0000000020007e20                __lock___malloc_recursive_mutex
 *fill*         0x0000000020007e21        0x3 
 .bss.__malloc_free_list
                0x0000000020007e24        0x4 C:/ST/STM32CubeIDE_1.13.1/STM32CubeIDE/plugins/com.st.stm32cube.ide.mcu.externaltools.gnu-tools-for-stm32.11.3.rel1.win32_1.1.0.202305231506/tools/bin/../lib/gcc/arm-none-eabi/11.3.1/../../../../arm-none-eabi/lib/thumb/v7e-m+fp/hard\libc_nano.a(libc_a-mallocr.o)
                0x0000000020007e24                __malloc_free_list
 .bss.__malloc_sbrk_start
                0x0000000020007e28        0x4 C:/ST/STM32CubeIDE_1.13.1/STM32CubeIDE/plugins/com.st.stm32cube.ide.mcu.externaltools.gnu-tools-for-stm32.11.3.rel1.win32_1.1.0.202305231506/tools/bin/../lib/gcc/arm-none-eabi/11.3.1/../../../../arm-none-eabi/lib/thumb/v7e-m+fp/hard\libc_nano.a(libc_a-mallocr.o)
                0x0000000020007e28                __malloc_sbrk_start
 *(COMMON)
                0x0000000020007e2c                . = ALIGN (0x4)
                0x0000000020007e2c                _ebss = .
                0x0000000020007e2c                __bss_end__ = _ebss

._user_heap_stack
                0x0000000020007e2c      0x604 load address 0x000000000800a084
                0x0000000020007e30                . = ALIGN (0x8)
 *fill*         0x0000000020007e2c        0x4 
                [!provide]                        PROVIDE (end = .)
                0x0000000020007e30                PROVIDE (_end = .)
                0x0000000020008030                . = (. + _Min_Heap_Size)
 *fill*         0x0000000020007e30      0x200 
                0x0000000020008430                . = (. + _Min_Stack_Size)
 *fill*         0x0000000020008030      0x400 
                0x0000000020008430                . = ALIGN (0x8)

/DISCARD/
 libc.a(*)
 libm.a(*)
 libgcc.a(*)

.ARM.attributes
                0x0000000000000000       0x30
 *(.ARM.attributes)
 .ARM.attributes
                0x0000000000000000       0x1e C:/ST/STM32CubeIDE_1.13.1/STM32CubeIDE/plugins/com.st.stm32cube.ide.mcu.externaltools.gnu-tools-for-stm32.11.3.rel1.win32_1.1.0.202305231506/tools/bin/../lib/gcc/arm-none-eabi/11.3.1/thumb/v7e-m+fp/hard/crti.o
 .ARM.attributes
                0x000000000000001e       0x34 C:/ST/STM32CubeIDE_1.13.1/STM32CubeIDE/plugins/com.st.stm32cube.ide.mcu.externaltools.gnu-tools-for-stm32.11.3.rel1.win32_1.1.0.202305231506/tools/bin/../lib/gcc/arm-none-eabi/11.3.1/thumb/v7e-m+fp/hard/crtbegin.o
 .ARM.attributes
                0x0000000000000052       0x34 ./Core/Src/devices/GPIO.o
 .ARM.attributes
                0x0000000000000086       0x34 ./Core/Src/devices/LED.o
 .ARM.attributes
                0x00000000000000ba       0x34 ./Core/Src/devices/SysClock.o
 .ARM.attributes
                0x00000000000000ee       0x34 ./Core/Src/devices/UART.o
 .ARM.attributes
                0x0000000000000122       0x34 ./Core/Src/devices/timer.o
 .ARM.attributes
                0x0000000000000156       0x34 ./Core/Src/midi/song.o
 .ARM.attributes
                0x000000000000018a       0x34 ./Core/Src/project.o
 .ARM.attributes
                0x00000000000001be       0x34 ./Core/Src/system/interruptHandlers.o
 .ARM.attributes
                0x00000000000001f2       0x34 ./Core/Src/system/printf.o
 .ARM.attributes
                0x0000000000000226       0x34 ./Core/Src/system/sysmem.o
 .ARM.attributes
                0x000000000000025a       0x34 ./Core/Src/system/system_stm32l4xx.o
 .ARM.attributes
                0x000000000000028e       0x34 ./Core/Src/system/systick.o
 .ARM.attributes
                0x00000000000002c2       0x34 ./Core/Src/tests/main.o
 .ARM.attributes
                0x00000000000002f6       0x34 ./Core/Src/tests/reader.o
 .ARM.attributes
                0x000000000000032a       0x21 ./Core/Startup/startup_stm32l476rgtx.o
 .ARM.attributes
                0x000000000000034b       0x34 ./Drivers/STM32L4xx_HAL_Driver/Src/stm32l4xx_hal_cortex.o
 .ARM.attributes
                0x000000000000037f       0x34 ./Drivers/STM32L4xx_HAL_Driver/Src/stm32l4xx_hal_gpio.o
 .ARM.attributes
                0x00000000000003b3       0x34 C:/ST/STM32CubeIDE_1.13.1/STM32CubeIDE/plugins/com.st.stm32cube.ide.mcu.externaltools.gnu-tools-for-stm32.11.3.rel1.win32_1.1.0.202305231506/tools/bin/../lib/gcc/arm-none-eabi/11.3.1/../../../../arm-none-eabi/lib/thumb/v7e-m+fp/hard\libc_nano.a(libc_a-findfp.o)
 .ARM.attributes
                0x00000000000003e7       0x34 C:/ST/STM32CubeIDE_1.13.1/STM32CubeIDE/plugins/com.st.stm32cube.ide.mcu.externaltools.gnu-tools-for-stm32.11.3.rel1.win32_1.1.0.202305231506/tools/bin/../lib/gcc/arm-none-eabi/11.3.1/../../../../arm-none-eabi/lib/thumb/v7e-m+fp/hard\libc_nano.a(libc_a-vsprintf.o)
 .ARM.attributes
                0x000000000000041b       0x34 C:/ST/STM32CubeIDE_1.13.1/STM32CubeIDE/plugins/com.st.stm32cube.ide.mcu.externaltools.gnu-tools-for-stm32.11.3.rel1.win32_1.1.0.202305231506/tools/bin/../lib/gcc/arm-none-eabi/11.3.1/../../../../arm-none-eabi/lib/thumb/v7e-m+fp/hard\libc_nano.a(libc_a-memset.o)
 .ARM.attributes
                0x000000000000044f       0x34 C:/ST/STM32CubeIDE_1.13.1/STM32CubeIDE/plugins/com.st.stm32cube.ide.mcu.externaltools.gnu-tools-for-stm32.11.3.rel1.win32_1.1.0.202305231506/tools/bin/../lib/gcc/arm-none-eabi/11.3.1/../../../../arm-none-eabi/lib/thumb/v7e-m+fp/hard\libc_nano.a(libc_a-reent.o)
 .ARM.attributes
                0x0000000000000483       0x34 C:/ST/STM32CubeIDE_1.13.1/STM32CubeIDE/plugins/com.st.stm32cube.ide.mcu.externaltools.gnu-tools-for-stm32.11.3.rel1.win32_1.1.0.202305231506/tools/bin/../lib/gcc/arm-none-eabi/11.3.1/../../../../arm-none-eabi/lib/thumb/v7e-m+fp/hard\libc_nano.a(libc_a-impure.o)
 .ARM.attributes
                0x00000000000004b7       0x34 C:/ST/STM32CubeIDE_1.13.1/STM32CubeIDE/plugins/com.st.stm32cube.ide.mcu.externaltools.gnu-tools-for-stm32.11.3.rel1.win32_1.1.0.202305231506/tools/bin/../lib/gcc/arm-none-eabi/11.3.1/../../../../arm-none-eabi/lib/thumb/v7e-m+fp/hard\libc_nano.a(libc_a-errno.o)
 .ARM.attributes
                0x00000000000004eb       0x34 C:/ST/STM32CubeIDE_1.13.1/STM32CubeIDE/plugins/com.st.stm32cube.ide.mcu.externaltools.gnu-tools-for-stm32.11.3.rel1.win32_1.1.0.202305231506/tools/bin/../lib/gcc/arm-none-eabi/11.3.1/../../../../arm-none-eabi/lib/thumb/v7e-m+fp/hard\libc_nano.a(libc_a-init.o)
 .ARM.attributes
                0x000000000000051f       0x34 C:/ST/STM32CubeIDE_1.13.1/STM32CubeIDE/plugins/com.st.stm32cube.ide.mcu.externaltools.gnu-tools-for-stm32.11.3.rel1.win32_1.1.0.202305231506/tools/bin/../lib/gcc/arm-none-eabi/11.3.1/../../../../arm-none-eabi/lib/thumb/v7e-m+fp/hard\libc_nano.a(libc_a-lock.o)
 .ARM.attributes
                0x0000000000000553       0x1c C:/ST/STM32CubeIDE_1.13.1/STM32CubeIDE/plugins/com.st.stm32cube.ide.mcu.externaltools.gnu-tools-for-stm32.11.3.rel1.win32_1.1.0.202305231506/tools/bin/../lib/gcc/arm-none-eabi/11.3.1/../../../../arm-none-eabi/lib/thumb/v7e-m+fp/hard\libc_nano.a(libc_a-strcmp.o)
 .ARM.attributes
                0x000000000000056f       0x17 C:/ST/STM32CubeIDE_1.13.1/STM32CubeIDE/plugins/com.st.stm32cube.ide.mcu.externaltools.gnu-tools-for-stm32.11.3.rel1.win32_1.1.0.202305231506/tools/bin/../lib/gcc/arm-none-eabi/11.3.1/../../../../arm-none-eabi/lib/thumb/v7e-m+fp/hard\libc_nano.a(libc_a-strlen.o)
 .ARM.attributes
                0x0000000000000586       0x34 C:/ST/STM32CubeIDE_1.13.1/STM32CubeIDE/plugins/com.st.stm32cube.ide.mcu.externaltools.gnu-tools-for-stm32.11.3.rel1.win32_1.1.0.202305231506/tools/bin/../lib/gcc/arm-none-eabi/11.3.1/../../../../arm-none-eabi/lib/thumb/v7e-m+fp/hard\libc_nano.a(libc_a-freer.o)
 .ARM.attributes
                0x00000000000005ba       0x34 C:/ST/STM32CubeIDE_1.13.1/STM32CubeIDE/plugins/com.st.stm32cube.ide.mcu.externaltools.gnu-tools-for-stm32.11.3.rel1.win32_1.1.0.202305231506/tools/bin/../lib/gcc/arm-none-eabi/11.3.1/../../../../arm-none-eabi/lib/thumb/v7e-m+fp/hard\libc_nano.a(libc_a-mallocr.o)
 .ARM.attributes
                0x00000000000005ee       0x34 C:/ST/STM32CubeIDE_1.13.1/STM32CubeIDE/plugins/com.st.stm32cube.ide.mcu.externaltools.gnu-tools-for-stm32.11.3.rel1.win32_1.1.0.202305231506/tools/bin/../lib/gcc/arm-none-eabi/11.3.1/../../../../arm-none-eabi/lib/thumb/v7e-m+fp/hard\libc_nano.a(libc_a-mlock.o)
 .ARM.attributes
                0x0000000000000622       0x34 C:/ST/STM32CubeIDE_1.13.1/STM32CubeIDE/plugins/com.st.stm32cube.ide.mcu.externaltools.gnu-tools-for-stm32.11.3.rel1.win32_1.1.0.202305231506/tools/bin/../lib/gcc/arm-none-eabi/11.3.1/../../../../arm-none-eabi/lib/thumb/v7e-m+fp/hard\libc_nano.a(libc_a-nano-svfprintf.o)
 .ARM.attributes
                0x0000000000000656       0x34 C:/ST/STM32CubeIDE_1.13.1/STM32CubeIDE/plugins/com.st.stm32cube.ide.mcu.externaltools.gnu-tools-for-stm32.11.3.rel1.win32_1.1.0.202305231506/tools/bin/../lib/gcc/arm-none-eabi/11.3.1/../../../../arm-none-eabi/lib/thumb/v7e-m+fp/hard\libc_nano.a(libc_a-nano-vfprintf_i.o)
 .ARM.attributes
                0x000000000000068a       0x34 C:/ST/STM32CubeIDE_1.13.1/STM32CubeIDE/plugins/com.st.stm32cube.ide.mcu.externaltools.gnu-tools-for-stm32.11.3.rel1.win32_1.1.0.202305231506/tools/bin/../lib/gcc/arm-none-eabi/11.3.1/../../../../arm-none-eabi/lib/thumb/v7e-m+fp/hard\libc_nano.a(libc_a-memmove.o)
 .ARM.attributes
                0x00000000000006be       0x34 C:/ST/STM32CubeIDE_1.13.1/STM32CubeIDE/plugins/com.st.stm32cube.ide.mcu.externaltools.gnu-tools-for-stm32.11.3.rel1.win32_1.1.0.202305231506/tools/bin/../lib/gcc/arm-none-eabi/11.3.1/../../../../arm-none-eabi/lib/thumb/v7e-m+fp/hard\libc_nano.a(libc_a-sbrkr.o)
 .ARM.attributes
                0x00000000000006f2       0x1c C:/ST/STM32CubeIDE_1.13.1/STM32CubeIDE/plugins/com.st.stm32cube.ide.mcu.externaltools.gnu-tools-for-stm32.11.3.rel1.win32_1.1.0.202305231506/tools/bin/../lib/gcc/arm-none-eabi/11.3.1/../../../../arm-none-eabi/lib/thumb/v7e-m+fp/hard\libc_nano.a(libc_a-memchr.o)
 .ARM.attributes
                0x000000000000070e       0x34 C:/ST/STM32CubeIDE_1.13.1/STM32CubeIDE/plugins/com.st.stm32cube.ide.mcu.externaltools.gnu-tools-for-stm32.11.3.rel1.win32_1.1.0.202305231506/tools/bin/../lib/gcc/arm-none-eabi/11.3.1/../../../../arm-none-eabi/lib/thumb/v7e-m+fp/hard\libc_nano.a(libc_a-memcpy-stub.o)
 .ARM.attributes
                0x0000000000000742       0x34 C:/ST/STM32CubeIDE_1.13.1/STM32CubeIDE/plugins/com.st.stm32cube.ide.mcu.externaltools.gnu-tools-for-stm32.11.3.rel1.win32_1.1.0.202305231506/tools/bin/../lib/gcc/arm-none-eabi/11.3.1/../../../../arm-none-eabi/lib/thumb/v7e-m+fp/hard\libc_nano.a(libc_a-reallocr.o)
 .ARM.attributes
                0x0000000000000776       0x34 C:/ST/STM32CubeIDE_1.13.1/STM32CubeIDE/plugins/com.st.stm32cube.ide.mcu.externaltools.gnu-tools-for-stm32.11.3.rel1.win32_1.1.0.202305231506/tools/bin/../lib/gcc/arm-none-eabi/11.3.1/../../../../arm-none-eabi/lib/thumb/v7e-m+fp/hard\libc_nano.a(libc_a-msizer.o)
 .ARM.attributes
                0x00000000000007aa       0x1e C:/ST/STM32CubeIDE_1.13.1/STM32CubeIDE/plugins/com.st.stm32cube.ide.mcu.externaltools.gnu-tools-for-stm32.11.3.rel1.win32_1.1.0.202305231506/tools/bin/../lib/gcc/arm-none-eabi/11.3.1/thumb/v7e-m+fp/hard/crtn.o
OUTPUT(swn-340 projjj.elf elf32-littlearm)
LOAD linker stubs
LOAD C:/ST/STM32CubeIDE_1.13.1/STM32CubeIDE/plugins/com.st.stm32cube.ide.mcu.externaltools.gnu-tools-for-stm32.11.3.rel1.win32_1.1.0.202305231506/tools/bin/../lib/gcc/arm-none-eabi/11.3.1/../../../../arm-none-eabi/lib/thumb/v7e-m+fp/hard\libc.a
LOAD C:/ST/STM32CubeIDE_1.13.1/STM32CubeIDE/plugins/com.st.stm32cube.ide.mcu.externaltools.gnu-tools-for-stm32.11.3.rel1.win32_1.1.0.202305231506/tools/bin/../lib/gcc/arm-none-eabi/11.3.1/../../../../arm-none-eabi/lib/thumb/v7e-m+fp/hard\libm.a
LOAD C:/ST/STM32CubeIDE_1.13.1/STM32CubeIDE/plugins/com.st.stm32cube.ide.mcu.externaltools.gnu-tools-for-stm32.11.3.rel1.win32_1.1.0.202305231506/tools/bin/../lib/gcc/arm-none-eabi/11.3.1/thumb/v7e-m+fp/hard\libgcc.a

.comment        0x0000000000000000       0x43
 .comment       0x0000000000000000       0x43 C:/ST/STM32CubeIDE_1.13.1/STM32CubeIDE/plugins/com.st.stm32cube.ide.mcu.externaltools.gnu-tools-for-stm32.11.3.rel1.win32_1.1.0.202305231506/tools/bin/../lib/gcc/arm-none-eabi/11.3.1/thumb/v7e-m+fp/hard/crtbegin.o
                                         0x44 (size before relaxing)
 .comment       0x0000000000000043       0x44 ./Core/Src/devices/GPIO.o
 .comment       0x0000000000000043       0x44 ./Core/Src/devices/LED.o
 .comment       0x0000000000000043       0x44 ./Core/Src/devices/SysClock.o
 .comment       0x0000000000000043       0x44 ./Core/Src/devices/UART.o
 .comment       0x0000000000000043       0x44 ./Core/Src/devices/timer.o
 .comment       0x0000000000000043       0x44 ./Core/Src/midi/song.o
 .comment       0x0000000000000043       0x44 ./Core/Src/project.o
 .comment       0x0000000000000043       0x44 ./Core/Src/system/interruptHandlers.o
 .comment       0x0000000000000043       0x44 ./Core/Src/system/printf.o
 .comment       0x0000000000000043       0x44 ./Core/Src/system/sysmem.o
 .comment       0x0000000000000043       0x44 ./Core/Src/system/system_stm32l4xx.o
 .comment       0x0000000000000043       0x44 ./Core/Src/system/systick.o
 .comment       0x0000000000000043       0x44 ./Core/Src/tests/main.o
 .comment       0x0000000000000043       0x44 ./Core/Src/tests/reader.o
 .comment       0x0000000000000043       0x44 ./Drivers/STM32L4xx_HAL_Driver/Src/stm32l4xx_hal_cortex.o
 .comment       0x0000000000000043       0x44 ./Drivers/STM32L4xx_HAL_Driver/Src/stm32l4xx_hal_gpio.o

.debug_info     0x0000000000000000     0x4504
 .debug_info    0x0000000000000000      0x69a ./Core/Src/devices/GPIO.o
 .debug_info    0x000000000000069a      0x3b8 ./Core/Src/devices/LED.o
 .debug_info    0x0000000000000a52      0x385 ./Core/Src/devices/SysClock.o
 .debug_info    0x0000000000000dd7      0x5a7 ./Core/Src/devices/UART.o
 .debug_info    0x000000000000137e      0x15f ./Core/Src/devices/timer.o
 .debug_info    0x00000000000014dd      0x1ae ./Core/Src/midi/song.o
 .debug_info    0x000000000000168b      0x5ca ./Core/Src/project.o
 .debug_info    0x0000000000001c55      0x495 ./Core/Src/system/interruptHandlers.o
 .debug_info    0x00000000000020ea      0x337 ./Core/Src/system/printf.o
 .debug_info    0x0000000000002421      0x168 ./Core/Src/system/sysmem.o
 .debug_info    0x0000000000002589      0x5ce ./Core/Src/system/system_stm32l4xx.o
 .debug_info    0x0000000000002b57      0x16b ./Core/Src/system/systick.o
 .debug_info    0x0000000000002cc2      0x115 ./Core/Src/tests/main.o
 .debug_info    0x0000000000002dd7      0x267 ./Core/Src/tests/reader.o
 .debug_info    0x000000000000303e       0x23 ./Core/Startup/startup_stm32l476rgtx.o
 .debug_info    0x0000000000003061      0xd4c ./Drivers/STM32L4xx_HAL_Driver/Src/stm32l4xx_hal_cortex.o
 .debug_info    0x0000000000003dad      0x757 ./Drivers/STM32L4xx_HAL_Driver/Src/stm32l4xx_hal_gpio.o

.debug_abbrev   0x0000000000000000     0x16a6
 .debug_abbrev  0x0000000000000000      0x159 ./Core/Src/devices/GPIO.o
 .debug_abbrev  0x0000000000000159       0xe4 ./Core/Src/devices/LED.o
 .debug_abbrev  0x000000000000023d       0xc6 ./Core/Src/devices/SysClock.o
 .debug_abbrev  0x0000000000000303      0x173 ./Core/Src/devices/UART.o
 .debug_abbrev  0x0000000000000476      0x10c ./Core/Src/devices/timer.o
 .debug_abbrev  0x0000000000000582       0xd5 ./Core/Src/midi/song.o
 .debug_abbrev  0x0000000000000657      0x26e ./Core/Src/project.o
 .debug_abbrev  0x00000000000008c5      0x24c ./Core/Src/system/interruptHandlers.o
 .debug_abbrev  0x0000000000000b11      0x183 ./Core/Src/system/printf.o
 .debug_abbrev  0x0000000000000c94       0xbc ./Core/Src/system/sysmem.o
 .debug_abbrev  0x0000000000000d50      0x13f ./Core/Src/system/system_stm32l4xx.o
 .debug_abbrev  0x0000000000000e8f      0x11f ./Core/Src/system/systick.o
 .debug_abbrev  0x0000000000000fae       0xc1 ./Core/Src/tests/main.o
 .debug_abbrev  0x000000000000106f      0x133 ./Core/Src/tests/reader.o
 .debug_abbrev  0x00000000000011a2       0x12 ./Core/Startup/startup_stm32l476rgtx.o
 .debug_abbrev  0x00000000000011b4      0x327 ./Drivers/STM32L4xx_HAL_Driver/Src/stm32l4xx_hal_cortex.o
 .debug_abbrev  0x00000000000014db      0x1cb ./Drivers/STM32L4xx_HAL_Driver/Src/stm32l4xx_hal_gpio.o

.debug_aranges  0x0000000000000000      0x430
 .debug_aranges
                0x0000000000000000       0x20 ./Core/Src/devices/GPIO.o
 .debug_aranges
                0x0000000000000020       0x38 ./Core/Src/devices/LED.o
 .debug_aranges
                0x0000000000000058       0x20 ./Core/Src/devices/SysClock.o
 .debug_aranges
                0x0000000000000078       0x58 ./Core/Src/devices/UART.o
 .debug_aranges
                0x00000000000000d0       0x28 ./Core/Src/devices/timer.o
 .debug_aranges
                0x00000000000000f8       0x20 ./Core/Src/midi/song.o
 .debug_aranges
                0x0000000000000118       0x58 ./Core/Src/project.o
 .debug_aranges
                0x0000000000000170       0x38 ./Core/Src/system/interruptHandlers.o
 .debug_aranges
                0x00000000000001a8       0x38 ./Core/Src/system/printf.o
 .debug_aranges
                0x00000000000001e0       0x20 ./Core/Src/system/sysmem.o
 .debug_aranges
                0x0000000000000200       0x28 ./Core/Src/system/system_stm32l4xx.o
 .debug_aranges
                0x0000000000000228       0x28 ./Core/Src/system/systick.o
 .debug_aranges
                0x0000000000000250       0x20 ./Core/Src/tests/main.o
 .debug_aranges
                0x0000000000000270       0x28 ./Core/Src/tests/reader.o
 .debug_aranges
                0x0000000000000298       0x28 ./Core/Startup/startup_stm32l476rgtx.o
 .debug_aranges
                0x00000000000002c0      0x118 ./Drivers/STM32L4xx_HAL_Driver/Src/stm32l4xx_hal_cortex.o
 .debug_aranges
                0x00000000000003d8       0x58 ./Drivers/STM32L4xx_HAL_Driver/Src/stm32l4xx_hal_gpio.o

.debug_rnglists
                0x0000000000000000      0x2de
 .debug_rnglists
                0x0000000000000000       0x14 ./Core/Src/devices/GPIO.o
 .debug_rnglists
                0x0000000000000014       0x26 ./Core/Src/devices/LED.o
 .debug_rnglists
                0x000000000000003a       0x14 ./Core/Src/devices/SysClock.o
 .debug_rnglists
                0x000000000000004e       0x40 ./Core/Src/devices/UART.o
 .debug_rnglists
                0x000000000000008e       0x19 ./Core/Src/devices/timer.o
 .debug_rnglists
                0x00000000000000a7       0x13 ./Core/Src/midi/song.o
 .debug_rnglists
                0x00000000000000ba       0x41 ./Core/Src/project.o
 .debug_rnglists
                0x00000000000000fb       0x26 ./Core/Src/system/interruptHandlers.o
 .debug_rnglists
                0x0000000000000121       0x25 ./Core/Src/system/printf.o
 .debug_rnglists
                0x0000000000000146       0x13 ./Core/Src/system/sysmem.o
 .debug_rnglists
                0x0000000000000159       0x1a ./Core/Src/system/system_stm32l4xx.o
 .debug_rnglists
                0x0000000000000173       0x19 ./Core/Src/system/systick.o
 .debug_rnglists
                0x000000000000018c       0x13 ./Core/Src/tests/main.o
 .debug_rnglists
                0x000000000000019f       0x19 ./Core/Src/tests/reader.o
 .debug_rnglists
                0x00000000000001b8       0x19 ./Core/Startup/startup_stm32l476rgtx.o
 .debug_rnglists
                0x00000000000001d1       0xce ./Drivers/STM32L4xx_HAL_Driver/Src/stm32l4xx_hal_cortex.o
 .debug_rnglists
                0x000000000000029f       0x3f ./Drivers/STM32L4xx_HAL_Driver/Src/stm32l4xx_hal_gpio.o

.debug_macro    0x0000000000000000     0x226a
 .debug_macro   0x0000000000000000      0x1f0 ./Core/Src/devices/GPIO.o
 .debug_macro   0x00000000000001f0       0x5e ./Core/Src/devices/GPIO.o
 .debug_macro   0x000000000000024e       0x10 ./Core/Src/devices/GPIO.o
 .debug_macro   0x000000000000025e       0x22 ./Core/Src/devices/GPIO.o
 .debug_macro   0x0000000000000280       0x8e ./Core/Src/devices/GPIO.o
 .debug_macro   0x000000000000030e       0x51 ./Core/Src/devices/GPIO.o
 .debug_macro   0x000000000000035f      0x174 ./Core/Src/devices/GPIO.o
 .debug_macro   0x00000000000004d3       0x5c ./Core/Src/devices/GPIO.o
 .debug_macro   0x000000000000052f       0xc9 ./Core/Src/devices/LED.o
 .debug_macro   0x00000000000005f8       0xc9 ./Core/Src/devices/SysClock.o
 .debug_macro   0x00000000000006c1       0xdb ./Core/Src/devices/UART.o
 .debug_macro   0x000000000000079c       0xd3 ./Core/Src/devices/timer.o
 .debug_macro   0x000000000000086f       0x6d ./Core/Src/midi/song.o
 .debug_macro   0x00000000000008dc      0x272 ./Core/Src/project.o
 .debug_macro   0x0000000000000b4e       0x61 ./Core/Src/project.o
 .debug_macro   0x0000000000000baf       0x10 ./Core/Src/project.o
 .debug_macro   0x0000000000000bbf       0x1c ./Core/Src/project.o
 .debug_macro   0x0000000000000bdb       0x1c ./Core/Src/project.o
 .debug_macro   0x0000000000000bf7       0x16 ./Core/Src/project.o
 .debug_macro   0x0000000000000c0d       0x16 ./Core/Src/project.o
 .debug_macro   0x0000000000000c23       0x29 ./Core/Src/project.o
 .debug_macro   0x0000000000000c4c      0x19b ./Core/Src/project.o
 .debug_macro   0x0000000000000de7      0x11f ./Core/Src/project.o
 .debug_macro   0x0000000000000f06      0x231 ./Core/Src/system/interruptHandlers.o
 .debug_macro   0x0000000000001137      0x1e9 ./Core/Src/system/printf.o
 .debug_macro   0x0000000000001320       0x4c ./Core/Src/system/printf.o
 .debug_macro   0x000000000000136c       0xff ./Core/Src/system/sysmem.o
 .debug_macro   0x000000000000146b      0x23c ./Core/Src/system/sysmem.o
 .debug_macro   0x00000000000016a7      0x1d5 ./Core/Src/system/system_stm32l4xx.o
 .debug_macro   0x000000000000187c       0xc9 ./Core/Src/system/systick.o
 .debug_macro   0x0000000000001945      0x369 ./Core/Src/tests/main.o
 .debug_macro   0x0000000000001cae      0x119 ./Core/Src/tests/main.o
 .debug_macro   0x0000000000001dc7       0xf4 ./Core/Src/tests/reader.o
 .debug_macro   0x0000000000001ebb      0x1cf ./Drivers/STM32L4xx_HAL_Driver/Src/stm32l4xx_hal_cortex.o
 .debug_macro   0x000000000000208a      0x1e0 ./Drivers/STM32L4xx_HAL_Driver/Src/stm32l4xx_hal_gpio.o

.debug_line     0x0000000000000000     0x77d0
 .debug_line    0x0000000000000000      0x78a ./Core/Src/devices/GPIO.o
 .debug_line    0x000000000000078a      0x588 ./Core/Src/devices/LED.o
 .debug_line    0x0000000000000d12      0x5d5 ./Core/Src/devices/SysClock.o
 .debug_line    0x00000000000012e7      0x6ef ./Core/Src/devices/UART.o
 .debug_line    0x00000000000019d6      0x517 ./Core/Src/devices/timer.o
 .debug_line    0x0000000000001eed      0x425 ./Core/Src/midi/song.o
 .debug_line    0x0000000000002312      0xaa1 ./Core/Src/project.o
 .debug_line    0x0000000000002db3      0x86d ./Core/Src/system/interruptHandlers.o
 .debug_line    0x0000000000003620      0x6ea ./Core/Src/system/printf.o
 .debug_line    0x0000000000003d0a      0x580 ./Core/Src/system/sysmem.o
 .debug_line    0x000000000000428a      0x82d ./Core/Src/system/system_stm32l4xx.o
 .debug_line    0x0000000000004ab7      0x523 ./Core/Src/system/systick.o
 .debug_line    0x0000000000004fda      0x964 ./Core/Src/tests/main.o
 .debug_line    0x000000000000593e      0x55b ./Core/Src/tests/reader.o
 .debug_line    0x0000000000005e99       0x7a ./Core/Startup/startup_stm32l476rgtx.o
 .debug_line    0x0000000000005f13      0xcf2 ./Drivers/STM32L4xx_HAL_Driver/Src/stm32l4xx_hal_cortex.o
 .debug_line    0x0000000000006c05      0xbcb ./Drivers/STM32L4xx_HAL_Driver/Src/stm32l4xx_hal_gpio.o

.debug_str      0x0000000000000000    0xf5bd6
 .debug_str     0x0000000000000000    0xf00a9 ./Core/Src/devices/GPIO.o
                                      0xf061b (size before relaxing)
 .debug_str     0x00000000000f00a9       0x5a ./Core/Src/devices/LED.o
                                      0x9e39f (size before relaxing)
 .debug_str     0x00000000000f0103       0xb5 ./Core/Src/devices/SysClock.o
                                      0x9e3c0 (size before relaxing)
 .debug_str     0x00000000000f01b8      0x101 ./Core/Src/devices/UART.o
                                      0x9e464 (size before relaxing)
 .debug_str     0x00000000000f02b9       0x8a ./Core/Src/devices/timer.o
                                      0x9e24c (size before relaxing)
 .debug_str     0x00000000000f0343       0x63 ./Core/Src/midi/song.o
                                       0x3d70 (size before relaxing)
 .debug_str     0x00000000000f03a6     0x4a5d ./Core/Src/project.o
                                      0xa31d4 (size before relaxing)
 .debug_str     0x00000000000f4e03      0x128 ./Core/Src/system/interruptHandlers.o
                                      0xf0180 (size before relaxing)
 .debug_str     0x00000000000f4f2b      0x125 ./Core/Src/system/printf.o
                                      0xa1ee2 (size before relaxing)
 .debug_str     0x00000000000f5050      0x4e3 ./Core/Src/system/sysmem.o
                                       0x608e (size before relaxing)
 .debug_str     0x00000000000f5533       0xfe ./Core/Src/system/system_stm32l4xx.o
                                      0xeffc6 (size before relaxing)
 .debug_str     0x00000000000f5631       0x1d ./Core/Src/system/systick.o
                                      0x9e231 (size before relaxing)
 .debug_str     0x00000000000f564e       0x31 ./Core/Src/tests/main.o
                                      0xf4044 (size before relaxing)
 .debug_str     0x00000000000f567f       0x20 ./Core/Src/tests/reader.o
                                      0x9e2f1 (size before relaxing)
 .debug_str     0x00000000000f569f       0x34 ./Core/Startup/startup_stm32l476rgtx.o
                                         0x99 (size before relaxing)
 .debug_str     0x00000000000f56d3      0x378 ./Drivers/STM32L4xx_HAL_Driver/Src/stm32l4xx_hal_cortex.o
                                      0xf07eb (size before relaxing)
 .debug_str     0x00000000000f5a4b      0x18b ./Drivers/STM32L4xx_HAL_Driver/Src/stm32l4xx_hal_gpio.o
                                      0xf0133 (size before relaxing)

.debug_frame    0x0000000000000000     0x1200
 .debug_frame   0x0000000000000000       0x34 ./Core/Src/devices/GPIO.o
 .debug_frame   0x0000000000000034       0xb0 ./Core/Src/devices/LED.o
 .debug_frame   0x00000000000000e4       0x38 ./Core/Src/devices/SysClock.o
 .debug_frame   0x000000000000011c      0x138 ./Core/Src/devices/UART.o
 .debug_frame   0x0000000000000254       0x50 ./Core/Src/devices/timer.o
 .debug_frame   0x00000000000002a4       0x38 ./Core/Src/midi/song.o
 .debug_frame   0x00000000000002dc      0x120 ./Core/Src/project.o
 .debug_frame   0x00000000000003fc       0x94 ./Core/Src/system/interruptHandlers.o
 .debug_frame   0x0000000000000490       0xb8 ./Core/Src/system/printf.o
 .debug_frame   0x0000000000000548       0x34 ./Core/Src/system/sysmem.o
 .debug_frame   0x000000000000057c       0x58 ./Core/Src/system/system_stm32l4xx.o
 .debug_frame   0x00000000000005d4       0x58 ./Core/Src/system/systick.o
 .debug_frame   0x000000000000062c       0x2c ./Core/Src/tests/main.o
 .debug_frame   0x0000000000000658       0x58 ./Core/Src/tests/reader.o
 .debug_frame   0x00000000000006b0      0x498 ./Drivers/STM32L4xx_HAL_Driver/Src/stm32l4xx_hal_cortex.o
 .debug_frame   0x0000000000000b48      0x14c ./Drivers/STM32L4xx_HAL_Driver/Src/stm32l4xx_hal_gpio.o
 .debug_frame   0x0000000000000c94      0x13c C:/ST/STM32CubeIDE_1.13.1/STM32CubeIDE/plugins/com.st.stm32cube.ide.mcu.externaltools.gnu-tools-for-stm32.11.3.rel1.win32_1.1.0.202305231506/tools/bin/../lib/gcc/arm-none-eabi/11.3.1/../../../../arm-none-eabi/lib/thumb/v7e-m+fp/hard\libc_nano.a(libc_a-findfp.o)
 .debug_frame   0x0000000000000dd0       0x3c C:/ST/STM32CubeIDE_1.13.1/STM32CubeIDE/plugins/com.st.stm32cube.ide.mcu.externaltools.gnu-tools-for-stm32.11.3.rel1.win32_1.1.0.202305231506/tools/bin/../lib/gcc/arm-none-eabi/11.3.1/../../../../arm-none-eabi/lib/thumb/v7e-m+fp/hard\libc_nano.a(libc_a-vsprintf.o)
 .debug_frame   0x0000000000000e0c       0x20 C:/ST/STM32CubeIDE_1.13.1/STM32CubeIDE/plugins/com.st.stm32cube.ide.mcu.externaltools.gnu-tools-for-stm32.11.3.rel1.win32_1.1.0.202305231506/tools/bin/../lib/gcc/arm-none-eabi/11.3.1/../../../../arm-none-eabi/lib/thumb/v7e-m+fp/hard\libc_nano.a(libc_a-memset.o)
 .debug_frame   0x0000000000000e2c       0x38 C:/ST/STM32CubeIDE_1.13.1/STM32CubeIDE/plugins/com.st.stm32cube.ide.mcu.externaltools.gnu-tools-for-stm32.11.3.rel1.win32_1.1.0.202305231506/tools/bin/../lib/gcc/arm-none-eabi/11.3.1/../../../../arm-none-eabi/lib/thumb/v7e-m+fp/hard\libc_nano.a(libc_a-reent.o)
 .debug_frame   0x0000000000000e64       0x20 C:/ST/STM32CubeIDE_1.13.1/STM32CubeIDE/plugins/com.st.stm32cube.ide.mcu.externaltools.gnu-tools-for-stm32.11.3.rel1.win32_1.1.0.202305231506/tools/bin/../lib/gcc/arm-none-eabi/11.3.1/../../../../arm-none-eabi/lib/thumb/v7e-m+fp/hard\libc_nano.a(libc_a-errno.o)
 .debug_frame   0x0000000000000e84       0x2c C:/ST/STM32CubeIDE_1.13.1/STM32CubeIDE/plugins/com.st.stm32cube.ide.mcu.externaltools.gnu-tools-for-stm32.11.3.rel1.win32_1.1.0.202305231506/tools/bin/../lib/gcc/arm-none-eabi/11.3.1/../../../../arm-none-eabi/lib/thumb/v7e-m+fp/hard\libc_nano.a(libc_a-init.o)
 .debug_frame   0x0000000000000eb0       0xb0 C:/ST/STM32CubeIDE_1.13.1/STM32CubeIDE/plugins/com.st.stm32cube.ide.mcu.externaltools.gnu-tools-for-stm32.11.3.rel1.win32_1.1.0.202305231506/tools/bin/../lib/gcc/arm-none-eabi/11.3.1/../../../../arm-none-eabi/lib/thumb/v7e-m+fp/hard\libc_nano.a(libc_a-lock.o)
 .debug_frame   0x0000000000000f60       0x20 C:/ST/STM32CubeIDE_1.13.1/STM32CubeIDE/plugins/com.st.stm32cube.ide.mcu.externaltools.gnu-tools-for-stm32.11.3.rel1.win32_1.1.0.202305231506/tools/bin/../lib/gcc/arm-none-eabi/11.3.1/../../../../arm-none-eabi/lib/thumb/v7e-m+fp/hard\libc_nano.a(libc_a-strcmp.o)
 .debug_frame   0x0000000000000f80       0x38 C:/ST/STM32CubeIDE_1.13.1/STM32CubeIDE/plugins/com.st.stm32cube.ide.mcu.externaltools.gnu-tools-for-stm32.11.3.rel1.win32_1.1.0.202305231506/tools/bin/../lib/gcc/arm-none-eabi/11.3.1/../../../../arm-none-eabi/lib/thumb/v7e-m+fp/hard\libc_nano.a(libc_a-freer.o)
 .debug_frame   0x0000000000000fb8       0x50 C:/ST/STM32CubeIDE_1.13.1/STM32CubeIDE/plugins/com.st.stm32cube.ide.mcu.externaltools.gnu-tools-for-stm32.11.3.rel1.win32_1.1.0.202305231506/tools/bin/../lib/gcc/arm-none-eabi/11.3.1/../../../../arm-none-eabi/lib/thumb/v7e-m+fp/hard\libc_nano.a(libc_a-mallocr.o)
 .debug_frame   0x0000000000001008       0x30 C:/ST/STM32CubeIDE_1.13.1/STM32CubeIDE/plugins/com.st.stm32cube.ide.mcu.externaltools.gnu-tools-for-stm32.11.3.rel1.win32_1.1.0.202305231506/tools/bin/../lib/gcc/arm-none-eabi/11.3.1/../../../../arm-none-eabi/lib/thumb/v7e-m+fp/hard\libc_nano.a(libc_a-mlock.o)
 .debug_frame   0x0000000000001038       0x90 C:/ST/STM32CubeIDE_1.13.1/STM32CubeIDE/plugins/com.st.stm32cube.ide.mcu.externaltools.gnu-tools-for-stm32.11.3.rel1.win32_1.1.0.202305231506/tools/bin/../lib/gcc/arm-none-eabi/11.3.1/../../../../arm-none-eabi/lib/thumb/v7e-m+fp/hard\libc_nano.a(libc_a-nano-svfprintf.o)
 .debug_frame   0x00000000000010c8       0x60 C:/ST/STM32CubeIDE_1.13.1/STM32CubeIDE/plugins/com.st.stm32cube.ide.mcu.externaltools.gnu-tools-for-stm32.11.3.rel1.win32_1.1.0.202305231506/tools/bin/../lib/gcc/arm-none-eabi/11.3.1/../../../../arm-none-eabi/lib/thumb/v7e-m+fp/hard\libc_nano.a(libc_a-nano-vfprintf_i.o)
 .debug_frame   0x0000000000001128       0x28 C:/ST/STM32CubeIDE_1.13.1/STM32CubeIDE/plugins/com.st.stm32cube.ide.mcu.externaltools.gnu-tools-for-stm32.11.3.rel1.win32_1.1.0.202305231506/tools/bin/../lib/gcc/arm-none-eabi/11.3.1/../../../../arm-none-eabi/lib/thumb/v7e-m+fp/hard\libc_nano.a(libc_a-memmove.o)
 .debug_frame   0x0000000000001150       0x2c C:/ST/STM32CubeIDE_1.13.1/STM32CubeIDE/plugins/com.st.stm32cube.ide.mcu.externaltools.gnu-tools-for-stm32.11.3.rel1.win32_1.1.0.202305231506/tools/bin/../lib/gcc/arm-none-eabi/11.3.1/../../../../arm-none-eabi/lib/thumb/v7e-m+fp/hard\libc_nano.a(libc_a-sbrkr.o)
 .debug_frame   0x000000000000117c       0x28 C:/ST/STM32CubeIDE_1.13.1/STM32CubeIDE/plugins/com.st.stm32cube.ide.mcu.externaltools.gnu-tools-for-stm32.11.3.rel1.win32_1.1.0.202305231506/tools/bin/../lib/gcc/arm-none-eabi/11.3.1/../../../../arm-none-eabi/lib/thumb/v7e-m+fp/hard\libc_nano.a(libc_a-memcpy-stub.o)
 .debug_frame   0x00000000000011a4       0x3c C:/ST/STM32CubeIDE_1.13.1/STM32CubeIDE/plugins/com.st.stm32cube.ide.mcu.externaltools.gnu-tools-for-stm32.11.3.rel1.win32_1.1.0.202305231506/tools/bin/../lib/gcc/arm-none-eabi/11.3.1/../../../../arm-none-eabi/lib/thumb/v7e-m+fp/hard\libc_nano.a(libc_a-reallocr.o)
 .debug_frame   0x00000000000011e0       0x20 C:/ST/STM32CubeIDE_1.13.1/STM32CubeIDE/plugins/com.st.stm32cube.ide.mcu.externaltools.gnu-tools-for-stm32.11.3.rel1.win32_1.1.0.202305231506/tools/bin/../lib/gcc/arm-none-eabi/11.3.1/../../../../arm-none-eabi/lib/thumb/v7e-m+fp/hard\libc_nano.a(libc_a-msizer.o)

.debug_line_str
                0x0000000000000000       0x8d
 .debug_line_str
                0x0000000000000000       0x8d ./Core/Startup/startup_stm32l476rgtx.o
                                         0xa5 (size before relaxing)
