13:34:25 **** Incremental Build of configuration Debug for project swn-340 projjj ****
make -j20 all 
arm-none-eabi-size   swn-340\ projjj.elf 
   text	   data	    bss	    dec	    hex	filename
   7716	    100	   2172	   9988	   2704	swn-340 projjj.elf
Finished building: default.size.stdout
 
13:34:30 **** Incremental Build of configuration Debug for project swn-340 projjj ****
make -j20 all 
arm-none-eabi-size   swn-340\ projjj.elf 
   text	   data	    bss	    dec	    hex	filename
   7716	    100	   2172	   9988	   2704	swn-340 projjj.elf
Finished building: default.size.stdout
 
