13:14:05 **** Incremental Build of configuration Debug for project swn-340 projjj ****
make -j20 all 
arm-none-eabi-size   swn-340\ projjj.elf 
   text	   data	    bss	    dec	    hex	filename
   9540	  31544	   2304	  43388	   a97c	swn-340 projjj.elf
Finished building: default.size.stdout
 
13:14:08 **** Incremental Build of configuration Debug for project swn-340 projjj ****
make -j20 all 
arm-none-eabi-size   swn-340\ projjj.elf 
   text	   data	    bss	    dec	    hex	filename
   9540	  31544	   2304	  43388	   a97c	swn-340 projjj.elf
Finished building: default.size.stdout
 
