13:31:00 **** Incremental Build of configuration Debug for project swen-340 proj ****
make -j20 all 
arm-none-eabi-gcc "../Core/Src/main.c" -mcpu=cortex-m4 -std=gnu11 -g3 -DDEBUG -DUSE_HAL_DRIVER -DSTM32L476xx -c -I../Core/Inc -I../Core/Inc/tests -I../Drivers/STM32L4xx_HAL_Driver/Inc -I../Drivers/STM32L4xx_HAL_Driver/Inc/Legacy -I../Drivers/CMSIS/Device/ST/STM32L4xx/Include -I../Drivers/CMSIS/Include -I../Core/Inc/demos -I../Core/Inc/devices -I../Core/Inc/midi -I../Core/Inc/system -O0 -ffunction-sections -fdata-sections -Wall -fstack-usage -fcyclomatic-complexity -MMD -MP -MF"Core/Src/main.d" -MT"Core/Src/main.o" --specs=nano.specs -mfpu=fpv4-sp-d16 -mfloat-abi=hard -mthumb -o "Core/Src/main.o"
arm-none-eabi-gcc -o "swen-340 proj.elf" @"objects.list"   -mcpu=cortex-m4 -T"C:\Users\Marisa\OneDrive\Desktop\SWEN-340\course-repo-MarMariMarisa\swen-340 proj\STM32L476RGTX_FLASH.ld" --specs=nosys.specs -Wl,-Map="swen-340 proj.map" -Wl,--gc-sections -static --specs=nano.specs -mfpu=fpv4-sp-d16 -mfloat-abi=hard -mthumb -Wl,--start-group -lc -lm -Wl,--end-group
Finished building target: swen-340 proj.elf
 
arm-none-eabi-size   swen-340\ proj.elf 
arm-none-eabi-objdump -h -S  swen-340\ proj.elf  > "swen-340 proj.list"
   text	   data	    bss	    dec	    hex	filename
   4768	     88	   1904	   6760	   1a68	swen-340 proj.elf
Finished building: default.size.stdout
 
Finished building: swen-340 proj.list
 
