12:55:23 **** Incremental Build of configuration Debug for project swen-340 proj ****
make -j20 all 
arm-none-eabi-gcc "../Core/Src/system/printf.c" -mcpu=cortex-m4 -std=gnu11 -g3 -DDEBUG -DUSE_HAL_DRIVER -DSTM32L476xx -c -I../Core/Inc -I../Core/Inc/tests -I../Drivers/STM32L4xx_HAL_Driver/Inc -I../Drivers/STM32L4xx_HAL_Driver/Inc/Legacy -I../Drivers/CMSIS/Device/ST/STM32L4xx/Include -I../Drivers/CMSIS/Include -I../Core/Inc/demos -I../Core/Inc/devices -I../Core/Inc/midi -I../Core/Inc/system -O0 -ffunction-sections -fdata-sections -Wall -fstack-usage -fcyclomatic-complexity -MMD -MP -MF"Core/Src/system/printf.d" -MT"Core/Src/system/printf.o" --specs=nano.specs -mfpu=fpv4-sp-d16 -mfloat-abi=hard -mthumb -o "Core/Src/system/printf.o"
arm-none-eabi-gcc "../Core/Src/main.c" -mcpu=cortex-m4 -std=gnu11 -g3 -DDEBUG -DUSE_HAL_DRIVER -DSTM32L476xx -c -I../Core/Inc -I../Core/Inc/tests -I../Drivers/STM32L4xx_HAL_Driver/Inc -I../Drivers/STM32L4xx_HAL_Driver/Inc/Legacy -I../Drivers/CMSIS/Device/ST/STM32L4xx/Include -I../Drivers/CMSIS/Include -I../Core/Inc/demos -I../Core/Inc/devices -I../Core/Inc/midi -I../Core/Inc/system -O0 -ffunction-sections -fdata-sections -Wall -fstack-usage -fcyclomatic-complexity -MMD -MP -MF"Core/Src/main.d" -MT"Core/Src/main.o" --specs=nano.specs -mfpu=fpv4-sp-d16 -mfloat-abi=hard -mthumb -o "Core/Src/main.o"
arm-none-eabi-gcc -o "swen-340 proj.elf" @"objects.list"   -mcpu=cortex-m4 -T"C:\Users\Marisa\OneDrive\Desktop\SWEN-340\course-repo-MarMariMarisa\swen-340 proj\STM32L476RGTX_FLASH.ld" --specs=nosys.specs -Wl,-Map="swen-340 proj.map" -Wl,--gc-sections -static --specs=nano.specs -mfpu=fpv4-sp-d16 -mfloat-abi=hard -mthumb -Wl,--start-group -lc -lm -Wl,--end-group
Finished building target: swen-340 proj.elf
 
arm-none-eabi-size   swen-340\ proj.elf 
arm-none-eabi-objdump -h -S  swen-340\ proj.elf  > "swen-340 proj.list"
   text	   data	    bss	    dec	    hex	filename
   4524	    100	   1908	   6532	   1984	swen-340 proj.elf
Finished building: default.size.stdout
 
Finished building: swen-340 proj.list
 
12:55:30 **** Incremental Build of configuration Debug for project swen-340 proj ****
make -j20 all 
arm-none-eabi-size   swen-340\ proj.elf 
   text	   data	    bss	    dec	    hex	filename
   4524	    100	   1908	   6532	   1984	swen-340 proj.elf
Finished building: default.size.stdout
 
12:55:49 **** Incremental Build of configuration Debug for project swen-340 proj ****
make -j20 all 
arm-none-eabi-size   swen-340\ proj.elf 
   text	   data	    bss	    dec	    hex	filename
   4524	    100	   1908	   6532	   1984	swen-340 proj.elf
Finished building: default.size.stdout
 
12:56:18 **** Incremental Build of configuration Debug for project swen-340 proj ****
make -j20 all 
arm-none-eabi-size   swen-340\ proj.elf 
   text	   data	    bss	    dec	    hex	filename
   4524	    100	   1908	   6532	   1984	swen-340 proj.elf
Finished building: default.size.stdout
 
12:56:23 **** Incremental Build of configuration Debug for project swen-340 proj ****
make -j20 all 
arm-none-eabi-size   swen-340\ proj.elf 
   text	   data	    bss	    dec	    hex	filename
   4524	    100	   1908	   6532	   1984	swen-340 proj.elf
Finished building: default.size.stdout
 
12:56:48 **** Incremental Build of configuration Debug for project swen-340 proj ****
make -j20 all 
arm-none-eabi-size   swen-340\ proj.elf 
   text	   data	    bss	    dec	    hex	filename
   4524	    100	   1908	   6532	   1984	swen-340 proj.elf
Finished building: default.size.stdout
 
12:57:17 **** Incremental Build of configuration Debug for project swen-340 proj ****
make -j20 all 
arm-none-eabi-size   swen-340\ proj.elf 
   text	   data	    bss	    dec	    hex	filename
   4524	    100	   1908	   6532	   1984	swen-340 proj.elf
Finished building: default.size.stdout
 
12:58:45 **** Incremental Build of configuration Debug for project swen-340 proj ****
make -j20 all 
arm-none-eabi-size   swen-340\ proj.elf 
   text	   data	    bss	    dec	    hex	filename
   4524	    100	   1908	   6532	   1984	swen-340 proj.elf
Finished building: default.size.stdout
 
13:00:41 **** Incremental Build of configuration Debug for project swen-340 proj ****
make -j20 all 
arm-none-eabi-gcc "../Core/Src/tests/hello_world.c" -mcpu=cortex-m4 -std=gnu11 -g3 -DDEBUG -DUSE_HAL_DRIVER -DSTM32L476xx -c -I../Core/Inc -I../Core/Inc/tests -I../Drivers/STM32L4xx_HAL_Driver/Inc -I../Drivers/STM32L4xx_HAL_Driver/Inc/Legacy -I../Drivers/CMSIS/Device/ST/STM32L4xx/Include -I../Drivers/CMSIS/Include -I../Core/Inc/demos -I../Core/Inc/devices -I../Core/Inc/midi -I../Core/Inc/system -O0 -ffunction-sections -fdata-sections -Wall -fstack-usage -fcyclomatic-complexity -MMD -MP -MF"Core/Src/tests/hello_world.d" -MT"Core/Src/tests/hello_world.o" --specs=nano.specs -mfpu=fpv4-sp-d16 -mfloat-abi=hard -mthumb -o "Core/Src/tests/hello_world.o"
arm-none-eabi-gcc "../Core/Src/system/printf.c" -mcpu=cortex-m4 -std=gnu11 -g3 -DDEBUG -DUSE_HAL_DRIVER -DSTM32L476xx -c -I../Core/Inc -I../Core/Inc/tests -I../Drivers/STM32L4xx_HAL_Driver/Inc -I../Drivers/STM32L4xx_HAL_Driver/Inc/Legacy -I../Drivers/CMSIS/Device/ST/STM32L4xx/Include -I../Drivers/CMSIS/Include -I../Core/Inc/demos -I../Core/Inc/devices -I../Core/Inc/midi -I../Core/Inc/system -O0 -ffunction-sections -fdata-sections -Wall -fstack-usage -fcyclomatic-complexity -MMD -MP -MF"Core/Src/system/printf.d" -MT"Core/Src/system/printf.o" --specs=nano.specs -mfpu=fpv4-sp-d16 -mfloat-abi=hard -mthumb -o "Core/Src/system/printf.o"
arm-none-eabi-gcc "../Core/Src/main.c" -mcpu=cortex-m4 -std=gnu11 -g3 -DDEBUG -DUSE_HAL_DRIVER -DSTM32L476xx -c -I../Core/Inc -I../Core/Inc/tests -I../Drivers/STM32L4xx_HAL_Driver/Inc -I../Drivers/STM32L4xx_HAL_Driver/Inc/Legacy -I../Drivers/CMSIS/Device/ST/STM32L4xx/Include -I../Drivers/CMSIS/Include -I../Core/Inc/demos -I../Core/Inc/devices -I../Core/Inc/midi -I../Core/Inc/system -O0 -ffunction-sections -fdata-sections -Wall -fstack-usage -fcyclomatic-complexity -MMD -MP -MF"Core/Src/main.d" -MT"Core/Src/main.o" --specs=nano.specs -mfpu=fpv4-sp-d16 -mfloat-abi=hard -mthumb -o "Core/Src/main.o"
../Core/Src/tests/hello_world.c:1:20: warning: extra tokens at end of #include directive
    1 | #include "printf.h";
      |                    ^
../Core/Src/system/printf.c: In function 'puts':
../Core/Src/system/printf.c:12:19: warning: implicit declaration of function 'strlen' [-Wimplicit-function-declaration]
   12 |         int len = strlen(string);
      |                   ^~~~~~
../Core/Src/system/printf.c:10:1: note: include '<string.h>' or provide a declaration of 'strlen'
    9 | #include <stdio.h>
  +++ |+#include <string.h>
   10 | 
../Core/Src/system/printf.c:12:19: warning: incompatible implicit declaration of built-in function 'strlen' [-Wbuiltin-declaration-mismatch]
   12 |         int len = strlen(string);
      |                   ^~~~~~
../Core/Src/system/printf.c:12:19: note: include '<string.h>' or provide a declaration of 'strlen'
../Core/Src/system/printf.c:12:26: error: 'string' undeclared (first use in this function); did you mean 'stdin'?
   12 |         int len = strlen(string);
      |                          ^~~~~~
      |                          stdin
../Core/Src/system/printf.c:12:26: note: each undeclared identifier is reported only once for each function it appears in
../Core/Src/system/printf.c:13:9: warning: implicit declaration of function 'print_string' [-Wimplicit-function-declaration]
   13 |         print_string(string,len);
      |         ^~~~~~~~~~~~
../Core/Src/system/printf.c: At top level:
../Core/Src/system/printf.c:16:13: warning: conflicting types for 'print_string'; have 'void(const char *, int)'
   16 | static void print_string(const char* string,int len){
      |             ^~~~~~~~~~~~
../Core/Src/system/printf.c:16:13: error: static declaration of 'print_string' follows non-static declaration
../Core/Src/system/printf.c:13:9: note: previous implicit declaration of 'print_string' with type 'void(const char *, int)'
   13 |         print_string(string,len);
      |         ^~~~~~~~~~~~
C:\ST\STM32CubeIDE_1.13.1\STM32CubeIDE\plugins\com.st.stm32cube.ide.mcu.externaltools.gnu-tools-for-stm32.11.3.rel1.win32_1.1.0.202305231506\tools\bin/../lib/gcc/arm-none-eabi/11.3.1/../../../../arm-none-eabi/include/stdio.h: In function 'puts':
../Core/Src/system/printf.c:14:1: warning: control reaches end of non-void function [-Wreturn-type]
   14 | }
      | ^
make: *** [Core/Src/system/subdir.mk:34: Core/Src/system/printf.o] Error 1
"make -j20 all" terminated with exit code 2. Build might be incomplete.
13:02:02 **** Incremental Build of configuration Debug for project swen-340 proj ****
make -j20 all 
arm-none-eabi-gcc "../Core/Src/tests/hello_world.c" -mcpu=cortex-m4 -std=gnu11 -g3 -DDEBUG -DUSE_HAL_DRIVER -DSTM32L476xx -c -I../Core/Inc -I../Core/Inc/tests -I../Drivers/STM32L4xx_HAL_Driver/Inc -I../Drivers/STM32L4xx_HAL_Driver/Inc/Legacy -I../Drivers/CMSIS/Device/ST/STM32L4xx/Include -I../Drivers/CMSIS/Include -I../Core/Inc/demos -I../Core/Inc/devices -I../Core/Inc/midi -I../Core/Inc/system -O0 -ffunction-sections -fdata-sections -Wall -fstack-usage -fcyclomatic-complexity -MMD -MP -MF"Core/Src/tests/hello_world.d" -MT"Core/Src/tests/hello_world.o" --specs=nano.specs -mfpu=fpv4-sp-d16 -mfloat-abi=hard -mthumb -o "Core/Src/tests/hello_world.o"
arm-none-eabi-gcc "../Core/Src/system/printf.c" -mcpu=cortex-m4 -std=gnu11 -g3 -DDEBUG -DUSE_HAL_DRIVER -DSTM32L476xx -c -I../Core/Inc -I../Core/Inc/tests -I../Drivers/STM32L4xx_HAL_Driver/Inc -I../Drivers/STM32L4xx_HAL_Driver/Inc/Legacy -I../Drivers/CMSIS/Device/ST/STM32L4xx/Include -I../Drivers/CMSIS/Include -I../Core/Inc/demos -I../Core/Inc/devices -I../Core/Inc/midi -I../Core/Inc/system -O0 -ffunction-sections -fdata-sections -Wall -fstack-usage -fcyclomatic-complexity -MMD -MP -MF"Core/Src/system/printf.d" -MT"Core/Src/system/printf.o" --specs=nano.specs -mfpu=fpv4-sp-d16 -mfloat-abi=hard -mthumb -o "Core/Src/system/printf.o"
arm-none-eabi-gcc "../Core/Src/main.c" -mcpu=cortex-m4 -std=gnu11 -g3 -DDEBUG -DUSE_HAL_DRIVER -DSTM32L476xx -c -I../Core/Inc -I../Core/Inc/tests -I../Drivers/STM32L4xx_HAL_Driver/Inc -I../Drivers/STM32L4xx_HAL_Driver/Inc/Legacy -I../Drivers/CMSIS/Device/ST/STM32L4xx/Include -I../Drivers/CMSIS/Include -I../Core/Inc/demos -I../Core/Inc/devices -I../Core/Inc/midi -I../Core/Inc/system -O0 -ffunction-sections -fdata-sections -Wall -fstack-usage -fcyclomatic-complexity -MMD -MP -MF"Core/Src/main.d" -MT"Core/Src/main.o" --specs=nano.specs -mfpu=fpv4-sp-d16 -mfloat-abi=hard -mthumb -o "Core/Src/main.o"
../Core/Src/tests/hello_world.c:1:20: warning: extra tokens at end of #include directive
    1 | #include "printf.h";
      |                    ^
../Core/Src/system/printf.c: In function 'puts':
../Core/Src/system/printf.c:12:19: warning: implicit declaration of function 'strlen' [-Wimplicit-function-declaration]
   12 |         int len = strlen(string);
      |                   ^~~~~~
../Core/Src/system/printf.c:10:1: note: include '<string.h>' or provide a declaration of 'strlen'
    9 | #include <stdio.h>
  +++ |+#include <string.h>
   10 | 
../Core/Src/system/printf.c:12:19: warning: incompatible implicit declaration of built-in function 'strlen' [-Wbuiltin-declaration-mismatch]
   12 |         int len = strlen(string);
      |                   ^~~~~~
../Core/Src/system/printf.c:12:19: note: include '<string.h>' or provide a declaration of 'strlen'
../Core/Src/system/printf.c:13:9: warning: implicit declaration of function 'print_string' [-Wimplicit-function-declaration]
   13 |         print_string(string,len);
      |         ^~~~~~~~~~~~
../Core/Src/system/printf.c: At top level:
../Core/Src/system/printf.c:17:13: warning: conflicting types for 'print_string'; have 'void(const char *, int)'
   17 | static void print_string(const char* string,int len){
      |             ^~~~~~~~~~~~
../Core/Src/system/printf.c:17:13: error: static declaration of 'print_string' follows non-static declaration
../Core/Src/system/printf.c:13:9: note: previous implicit declaration of 'print_string' with type 'void(const char *, int)'
   13 |         print_string(string,len);
      |         ^~~~~~~~~~~~
make: *** [Core/Src/system/subdir.mk:34: Core/Src/system/printf.o] Error 1
make: *** Waiting for unfinished jobs....
"make -j20 all" terminated with exit code 2. Build might be incomplete.
13:05:49 **** Incremental Build of configuration Debug for project swen-340 proj ****
make -j20 all 
arm-none-eabi-gcc "../Core/Src/tests/hello_world.c" -mcpu=cortex-m4 -std=gnu11 -g3 -DDEBUG -DUSE_HAL_DRIVER -DSTM32L476xx -c -I../Core/Inc -I../Core/Inc/tests -I../Drivers/STM32L4xx_HAL_Driver/Inc -I../Drivers/STM32L4xx_HAL_Driver/Inc/Legacy -I../Drivers/CMSIS/Device/ST/STM32L4xx/Include -I../Drivers/CMSIS/Include -I../Core/Inc/demos -I../Core/Inc/devices -I../Core/Inc/midi -I../Core/Inc/system -O0 -ffunction-sections -fdata-sections -Wall -fstack-usage -fcyclomatic-complexity -MMD -MP -MF"Core/Src/tests/hello_world.d" -MT"Core/Src/tests/hello_world.o" --specs=nano.specs -mfpu=fpv4-sp-d16 -mfloat-abi=hard -mthumb -o "Core/Src/tests/hello_world.o"
arm-none-eabi-gcc "../Core/Src/system/printf.c" -mcpu=cortex-m4 -std=gnu11 -g3 -DDEBUG -DUSE_HAL_DRIVER -DSTM32L476xx -c -I../Core/Inc -I../Core/Inc/tests -I../Drivers/STM32L4xx_HAL_Driver/Inc -I../Drivers/STM32L4xx_HAL_Driver/Inc/Legacy -I../Drivers/CMSIS/Device/ST/STM32L4xx/Include -I../Drivers/CMSIS/Include -I../Core/Inc/demos -I../Core/Inc/devices -I../Core/Inc/midi -I../Core/Inc/system -O0 -ffunction-sections -fdata-sections -Wall -fstack-usage -fcyclomatic-complexity -MMD -MP -MF"Core/Src/system/printf.d" -MT"Core/Src/system/printf.o" --specs=nano.specs -mfpu=fpv4-sp-d16 -mfloat-abi=hard -mthumb -o "Core/Src/system/printf.o"
arm-none-eabi-gcc "../Core/Src/main.c" -mcpu=cortex-m4 -std=gnu11 -g3 -DDEBUG -DUSE_HAL_DRIVER -DSTM32L476xx -c -I../Core/Inc -I../Core/Inc/tests -I../Drivers/STM32L4xx_HAL_Driver/Inc -I../Drivers/STM32L4xx_HAL_Driver/Inc/Legacy -I../Drivers/CMSIS/Device/ST/STM32L4xx/Include -I../Drivers/CMSIS/Include -I../Core/Inc/demos -I../Core/Inc/devices -I../Core/Inc/midi -I../Core/Inc/system -O0 -ffunction-sections -fdata-sections -Wall -fstack-usage -fcyclomatic-complexity -MMD -MP -MF"Core/Src/main.d" -MT"Core/Src/main.o" --specs=nano.specs -mfpu=fpv4-sp-d16 -mfloat-abi=hard -mthumb -o "Core/Src/main.o"
../Core/Src/tests/hello_world.c:1:20: warning: extra tokens at end of #include directive
    1 | #include "printf.h";
      |                    ^
../Core/Src/system/printf.c: In function 'puts':
../Core/Src/system/printf.c:14:9: warning: implicit declaration of function 'print_string' [-Wimplicit-function-declaration]
   14 |         print_string(string,len);
      |         ^~~~~~~~~~~~
../Core/Src/system/printf.c:15:22: error: lvalue required as unary '&' operand
   15 |         print_string(&'\n',1);
      |                      ^
../Core/Src/system/printf.c: At top level:
../Core/Src/system/printf.c:18:2: error: expected ';' before 'static'
   18 | s
      |  ^
      |  ;
   19 | static void print_string(const char* string,int len){
      | ~~~~~~
../Core/Src/system/printf.c:19:13: warning: conflicting types for 'print_string'; have 'void(const char *, int)'
   19 | static void print_string(const char* string,int len){
      |             ^~~~~~~~~~~~
../Core/Src/system/printf.c:19:13: error: static declaration of 'print_string' follows non-static declaration
../Core/Src/system/printf.c:14:9: note: previous implicit declaration of 'print_string' with type 'void(const char *, int)'
   14 |         print_string(string,len);
      |         ^~~~~~~~~~~~
make: *** [Core/Src/system/subdir.mk:34: Core/Src/system/printf.o] Error 1
"make -j20 all" terminated with exit code 2. Build might be incomplete.
13:06:07 **** Incremental Build of configuration Debug for project swen-340 proj ****
make -j20 all 
arm-none-eabi-gcc "../Core/Src/system/printf.c" -mcpu=cortex-m4 -std=gnu11 -g3 -DDEBUG -DUSE_HAL_DRIVER -DSTM32L476xx -c -I../Core/Inc -I../Core/Inc/tests -I../Drivers/STM32L4xx_HAL_Driver/Inc -I../Drivers/STM32L4xx_HAL_Driver/Inc/Legacy -I../Drivers/CMSIS/Device/ST/STM32L4xx/Include -I../Drivers/CMSIS/Include -I../Core/Inc/demos -I../Core/Inc/devices -I../Core/Inc/midi -I../Core/Inc/system -O0 -ffunction-sections -fdata-sections -Wall -fstack-usage -fcyclomatic-complexity -MMD -MP -MF"Core/Src/system/printf.d" -MT"Core/Src/system/printf.o" --specs=nano.specs -mfpu=fpv4-sp-d16 -mfloat-abi=hard -mthumb -o "Core/Src/system/printf.o"
../Core/Src/system/printf.c: In function 'puts':
../Core/Src/system/printf.c:14:9: warning: implicit declaration of function 'print_string' [-Wimplicit-function-declaration]
   14 |         print_string(string,len);
      |         ^~~~~~~~~~~~
../Core/Src/system/printf.c:15:22: error: lvalue required as unary '&' operand
   15 |         print_string(&'\n',1);
      |                      ^
../Core/Src/system/printf.c: At top level:
../Core/Src/system/printf.c:18:2: error: expected ';' before 'static'
   18 | s
      |  ^
      |  ;
   19 | static void print_string(const char* string,int len){
      | ~~~~~~
../Core/Src/system/printf.c:19:13: warning: conflicting types for 'print_string'; have 'void(const char *, int)'
   19 | static void print_string(const char* string,int len){
      |             ^~~~~~~~~~~~
../Core/Src/system/printf.c:19:13: error: static declaration of 'print_string' follows non-static declaration
../Core/Src/system/printf.c:14:9: note: previous implicit declaration of 'print_string' with type 'void(const char *, int)'
   14 |         print_string(string,len);
      |         ^~~~~~~~~~~~
make: *** [Core/Src/system/subdir.mk:34: Core/Src/system/printf.o] Error 1
"make -j20 all" terminated with exit code 2. Build might be incomplete.
13:07:40 **** Incremental Build of configuration Debug for project swen-340 proj ****
make -j20 all 
arm-none-eabi-gcc "../Core/Src/system/printf.c" -mcpu=cortex-m4 -std=gnu11 -g3 -DDEBUG -DUSE_HAL_DRIVER -DSTM32L476xx -c -I../Core/Inc -I../Core/Inc/tests -I../Drivers/STM32L4xx_HAL_Driver/Inc -I../Drivers/STM32L4xx_HAL_Driver/Inc/Legacy -I../Drivers/CMSIS/Device/ST/STM32L4xx/Include -I../Drivers/CMSIS/Include -I../Core/Inc/demos -I../Core/Inc/devices -I../Core/Inc/midi -I../Core/Inc/system -O0 -ffunction-sections -fdata-sections -Wall -fstack-usage -fcyclomatic-complexity -MMD -MP -MF"Core/Src/system/printf.d" -MT"Core/Src/system/printf.o" --specs=nano.specs -mfpu=fpv4-sp-d16 -mfloat-abi=hard -mthumb -o "Core/Src/system/printf.o"
arm-none-eabi-gcc -o "swen-340 proj.elf" @"objects.list"   -mcpu=cortex-m4 -T"C:\Users\Marisa\OneDrive\Desktop\SWEN-340\course-repo-MarMariMarisa\swen-340 proj\STM32L476RGTX_FLASH.ld" --specs=nosys.specs -Wl,-Map="swen-340 proj.map" -Wl,--gc-sections -static --specs=nano.specs -mfpu=fpv4-sp-d16 -mfloat-abi=hard -mthumb -Wl,--start-group -lc -lm -Wl,--end-group
Finished building target: swen-340 proj.elf
 
arm-none-eabi-size   swen-340\ proj.elf 
arm-none-eabi-objdump -h -S  swen-340\ proj.elf  > "swen-340 proj.list"
   text	   data	    bss	    dec	    hex	filename
   2196	      8	   1576	   3780	    ec4	swen-340 proj.elf
Finished building: default.size.stdout
 
Finished building: swen-340 proj.list
 
13:08:24 **** Incremental Build of configuration Debug for project swen-340 proj ****
make -j20 all 
arm-none-eabi-size   swen-340\ proj.elf 
   text	   data	    bss	    dec	    hex	filename
   2196	      8	   1576	   3780	    ec4	swen-340 proj.elf
Finished building: default.size.stdout
 
13:12:58 **** Incremental Build of configuration Debug for project swen-340 proj ****
make -j20 all 
arm-none-eabi-size   swen-340\ proj.elf 
   text	   data	    bss	    dec	    hex	filename
   2196	      8	   1576	   3780	    ec4	swen-340 proj.elf
Finished building: default.size.stdout
 
13:13:17 **** Incremental Build of configuration Debug for project swen-340 proj ****
make -j20 all 
arm-none-eabi-size   swen-340\ proj.elf 
   text	   data	    bss	    dec	    hex	filename
   2196	      8	   1576	   3780	    ec4	swen-340 proj.elf
Finished building: default.size.stdout
 
13:14:09 **** Incremental Build of configuration Debug for project swen-340 proj ****
make -j20 all 
arm-none-eabi-size   swen-340\ proj.elf 
   text	   data	    bss	    dec	    hex	filename
   2196	      8	   1576	   3780	    ec4	swen-340 proj.elf
Finished building: default.size.stdout
 
13:15:03 **** Incremental Build of configuration Debug for project swen-340 proj ****
make -j20 all 
arm-none-eabi-size   swen-340\ proj.elf 
   text	   data	    bss	    dec	    hex	filename
   2196	      8	   1576	   3780	    ec4	swen-340 proj.elf
Finished building: default.size.stdout
 
13:15:21 **** Incremental Build of configuration Debug for project swen-340 proj ****
make -j20 all 
arm-none-eabi-size   swen-340\ proj.elf 
   text	   data	    bss	    dec	    hex	filename
   2196	      8	   1576	   3780	    ec4	swen-340 proj.elf
Finished building: default.size.stdout
 
13:15:53 **** Incremental Build of configuration Debug for project swen-340 proj ****
make -j20 all 
arm-none-eabi-size   swen-340\ proj.elf 
   text	   data	    bss	    dec	    hex	filename
   2196	      8	   1576	   3780	    ec4	swen-340 proj.elf
Finished building: default.size.stdout
 
13:18:08 **** Incremental Build of configuration Debug for project swen-340 proj ****
make -j20 all 
arm-none-eabi-gcc "../Core/Src/system/printf.c" -mcpu=cortex-m4 -std=gnu11 -g3 -DDEBUG -DUSE_HAL_DRIVER -DSTM32L476xx -c -I../Core/Inc -I../Core/Inc/tests -I../Drivers/STM32L4xx_HAL_Driver/Inc -I../Drivers/STM32L4xx_HAL_Driver/Inc/Legacy -I../Drivers/CMSIS/Device/ST/STM32L4xx/Include -I../Drivers/CMSIS/Include -I../Core/Inc/demos -I../Core/Inc/devices -I../Core/Inc/midi -I../Core/Inc/system -O0 -ffunction-sections -fdata-sections -Wall -fstack-usage -fcyclomatic-complexity -MMD -MP -MF"Core/Src/system/printf.d" -MT"Core/Src/system/printf.o" --specs=nano.specs -mfpu=fpv4-sp-d16 -mfloat-abi=hard -mthumb -o "Core/Src/system/printf.o"
arm-none-eabi-gcc -o "swen-340 proj.elf" @"objects.list"   -mcpu=cortex-m4 -T"C:\Users\Marisa\OneDrive\Desktop\SWEN-340\course-repo-MarMariMarisa\swen-340 proj\STM32L476RGTX_FLASH.ld" --specs=nosys.specs -Wl,-Map="swen-340 proj.map" -Wl,--gc-sections -static --specs=nano.specs -mfpu=fpv4-sp-d16 -mfloat-abi=hard -mthumb -Wl,--start-group -lc -lm -Wl,--end-group
Finished building target: swen-340 proj.elf
 
arm-none-eabi-size   swen-340\ proj.elf 
arm-none-eabi-objdump -h -S  swen-340\ proj.elf  > "swen-340 proj.list"
   text	   data	    bss	    dec	    hex	filename
   4524	    100	   1908	   6532	   1984	swen-340 proj.elf
Finished building: default.size.stdout
 
Finished building: swen-340 proj.list
 
13:20:44 **** Incremental Build of configuration Debug for project swen-340 proj ****
make -j20 all 
arm-none-eabi-gcc "../Core/Src/system/printf.c" -mcpu=cortex-m4 -std=gnu11 -g3 -DDEBUG -DUSE_HAL_DRIVER -DSTM32L476xx -c -I../Core/Inc -I../Core/Inc/tests -I../Drivers/STM32L4xx_HAL_Driver/Inc -I../Drivers/STM32L4xx_HAL_Driver/Inc/Legacy -I../Drivers/CMSIS/Device/ST/STM32L4xx/Include -I../Drivers/CMSIS/Include -I../Core/Inc/demos -I../Core/Inc/devices -I../Core/Inc/midi -I../Core/Inc/system -O0 -ffunction-sections -fdata-sections -Wall -fstack-usage -fcyclomatic-complexity -MMD -MP -MF"Core/Src/system/printf.d" -MT"Core/Src/system/printf.o" --specs=nano.specs -mfpu=fpv4-sp-d16 -mfloat-abi=hard -mthumb -o "Core/Src/system/printf.o"
arm-none-eabi-gcc -o "swen-340 proj.elf" @"objects.list"   -mcpu=cortex-m4 -T"C:\Users\Marisa\OneDrive\Desktop\SWEN-340\course-repo-MarMariMarisa\swen-340 proj\STM32L476RGTX_FLASH.ld" --specs=nosys.specs -Wl,-Map="swen-340 proj.map" -Wl,--gc-sections -static --specs=nano.specs -mfpu=fpv4-sp-d16 -mfloat-abi=hard -mthumb -Wl,--start-group -lc -lm -Wl,--end-group
Finished building target: swen-340 proj.elf
 
arm-none-eabi-size   swen-340\ proj.elf 
arm-none-eabi-objdump -h -S  swen-340\ proj.elf  > "swen-340 proj.list"
   text	   data	    bss	    dec	    hex	filename
   2196	      8	   1576	   3780	    ec4	swen-340 proj.elf
Finished building: default.size.stdout
 
Finished building: swen-340 proj.list
 
