../Drivers/CMSIS/Include/core_cm4.h:1679:22:__NVIC_EnableIRQ	16	static,ignoring_inline_asm
../Core/Src/devices/UART.c:12:6:UART2_Init	8	static
../Core/Src/devices/UART.c:30:6:UART2_GPIO_Init	4	static
../Core/Src/devices/UART.c:54:6:USART_Init	16	static
../Core/Src/devices/UART.c:103:9:USART_Read	16	static
../Core/Src/devices/UART.c:110:9:USART_Read_Nonblocking	16	static
../Core/Src/devices/UART.c:118:6:USART_Write	32	static
../Core/Src/devices/UART.c:134:6:USART_Delay	24	static
../Core/Src/devices/UART.c:139:6:USART_IRQHandler	24	static
